
[2025-03-13 20:13:23] Error writing to database table Announcements: sequence item 6: expected str instance, NoneType found
[2025-03-13 20:13:25] Error writing to database table Announcements: sequence item 6: expected str instance, NoneType found
[2025-03-13 20:13:43] Error writing to database table Announcements: sequence item 6: expected str instance, NoneType found
[2025-03-13 20:13:46] Error writing to database table Announcements: sequence item 6: expected str instance, NoneType found
[2025-03-13 20:14:51] Error writing to database table Announcements: sequence item 6: expected str instance, NoneType found
[2025-03-13 20:14:53] Error writing to database table Announcements: sequence item 6: expected str instance, NoneType found
[2025-03-13 20:16:36] Error writing to database table Announcements: sequence item 6: expected str instance, NoneType found
[2025-03-13 20:18:19] Error writing to database table Announcements: sequence item 6: expected str instance, NoneType found
[2025-03-13 23:46:56] Schema not found for Announcements, skipping...
[2025-03-13 23:46:56] Schema not found for AnnXBRL, skipping...
[2025-03-13 23:46:57] Invalid data format for AnnualReports: {'data': [{'companyName': 'Data Patterns (India) Limited', 'fromYr': '2023', 'toYr': '2024', 'submis...
[2025-03-13 23:46:59] Invalid data format for AnnualReports: {'data': [{'companyName': 'IndusInd Bank Limited', 'fromYr': '2023', 'toYr': '2024', 'submission_typ...
[2025-03-13 23:47:00] Invalid data format for AnnualReports: {'data': [{'companyName': 'BSE Limited', 'fromYr': '2023', 'toYr': '2024', 'submission_type': '-', '...
[2025-03-13 23:47:01] Invalid data format for AnnualReports: {'data': [{'companyName': 'Bharti Airtel Limited', 'fromYr': '2023', 'toYr': '2024', 'submission_typ...
[2025-03-13 23:47:02] Invalid data format for AnnualReports: {'data': [{'companyName': 'HDFC Bank Limited', 'fromYr': '2023', 'toYr': '2024', 'submission_type': ...
[2025-03-13 23:47:03] Invalid data format for AnnualReports: {'data': [{'companyName': 'Zomato Limited', 'fromYr': '2023', 'toYr': '2024', 'submission_type': '-'...
[2025-03-13 23:47:06] Invalid data format for AnnualReports: {'data': [{'companyName': 'Infosys Limited', 'fromYr': '2023', 'toYr': '2024', 'submission_type': '-...
[2025-03-13 23:47:07] Invalid data format for AnnualReports: {'data': [{'companyName': 'Reliance Industries Limited', 'fromYr': '2023', 'toYr': '2024', 'submissi...
[2025-03-13 23:47:10] Invalid data format for AnnualReports: {'data': [{'companyName': 'Bharat Electronics Limited', 'fromYr': '2023', 'toYr': '2024', 'submissio...
[2025-03-13 23:47:12] Invalid data format for AnnualReports: {'data': [{'companyName': 'Adani Green Energy Limited', 'fromYr': '2023', 'toYr': '2024', 'submissio...
[2025-03-13 23:47:14] Invalid data format for AnnualReports: {'data': [{'companyName': 'Bajaj Finance Limited', 'fromYr': '2023', 'toYr': '2024', 'submission_typ...
[2025-03-13 23:47:15] Invalid data format for AnnualReports: {'data': [{'companyName': 'ICICI Bank Limited', 'fromYr': '2023', 'toYr': '2024', 'submission_type':...
[2025-03-13 23:47:17] Invalid data format for AnnualReports: {'data': [{'companyName': 'Kotak Mahindra Bank Limited', 'fromYr': '2023', 'toYr': '2024', 'submissi...
[2025-03-13 23:47:19] Invalid data format for AnnualReports: {'data': [{'companyName': 'Tata Motors Limited', 'fromYr': '2023', 'toYr': '2024', 'submission_type'...
[2025-03-13 23:47:21] Invalid data format for AnnualReports: {'data': [{'companyName': 'Avenue Supermarts Limited', 'fromYr': '2023', 'toYr': '2024', 'submission...
[2025-03-13 23:47:23] Invalid data format for AnnualReports: {'data': [{'companyName': 'PB Fintech Limited', 'fromYr': '2023', 'toYr': '2024', 'submission_type':...
[2025-03-13 23:47:25] Invalid data format for AnnualReports: {'data': [{'companyName': 'Tata Steel Limited', 'fromYr': '2023', 'toYr': '2024', 'submission_type':...
[2025-03-13 23:47:27] Invalid data format for AnnualReports: {'data': [{'companyName': 'Mazagon Dock Shipbuilders Limited', 'fromYr': '2023', 'toYr': '2024', 'su...
[2025-03-13 23:47:29] Invalid data format for AnnualReports: {'data': []}...
[2025-03-13 23:47:31] Invalid data format for AnnualReports: {'data': [{'companyName': 'Tata Consultancy Services Limited', 'fromYr': '2023', 'toYr': '2024', 'su...
[2025-03-13 23:47:33] Invalid data format for AnnualReports: {'data': [{'companyName': 'Jio Financial Services Limited', 'fromYr': '2023', 'toYr': '2024', 'submi...
[2025-03-13 23:47:35] Invalid data format for AnnualReports: {'data': []}...
[2025-03-13 23:47:36] Invalid data format for AnnualReports: {'data': [{'companyName': 'Dixon Technologies (India) Limited', 'fromYr': '2023', 'toYr': '2024', 's...
[2025-03-13 23:47:38] Invalid data format for AnnualReports: {'data': [{'companyName': 'Mangalore Refinery and Petrochemicals Limited', 'fromYr': '2023', 'toYr':...
[2025-03-13 23:47:39] Invalid data format for AnnualReports: {'data': [{'companyName': 'Larsen & Toubro Limited', 'fromYr': '2023', 'toYr': '2024', 'submission_t...
[2025-03-13 23:47:40] Invalid data format for AnnualReports: {'data': [{'companyName': 'Trent Limited', 'fromYr': '2023', 'toYr': '2024', 'submission_type': '-',...
[2025-03-13 23:47:41] Invalid data format for AnnualReports: {'data': [{'companyName': 'State Bank of India', 'fromYr': '2023', 'toYr': '2024', 'submission_type'...
[2025-03-13 23:47:42] Invalid data format for AnnualReports: {'data': [{'companyName': 'Hindustan Aeronautics Limited', 'fromYr': '2023', 'toYr': '2024', 'submis...
[2025-03-13 23:47:44] Invalid data format for AnnualReports: {'data': [{'companyName': 'Kalyan Jewellers India Limited', 'fromYr': '2023', 'toYr': '2024', 'submi...
[2025-03-13 23:47:46] Invalid data format for AnnualReports: {'data': [{'companyName': 'Axis Bank Limited', 'fromYr': '2023', 'toYr': '2024', 'submission_type': ...
[2025-03-13 23:47:48] Invalid data format for AnnualReports: {'data': [{'companyName': 'Hindustan Unilever Limited', 'fromYr': '2023', 'toYr': '2024', 'submissio...
[2025-03-13 23:47:50] Invalid data format for AnnualReports: {'data': [{'companyName': 'Kaynes Technology India Limited', 'fromYr': '2023', 'toYr': '2024', 'subm...
[2025-03-13 23:47:52] Invalid data format for AnnualReports: {'data': [{'companyName': 'Varun Beverages Limited', 'fromYr': '2023', 'toYr': '2023', 'submission_t...
[2025-03-13 23:47:54] Invalid data format for AnnualReports: {'data': [{'companyName': 'Mahanagar Telephone Nigam Limited', 'fromYr': '2023', 'toYr': '2024', 'su...
[2025-03-13 23:47:55] Invalid data format for AnnualReports: {'data': [{'companyName': 'Oil & Natural Gas Corporation Limited', 'fromYr': '2023', 'toYr': '2024',...
[2025-03-13 23:47:57] Invalid data format for AnnualReports: {'data': [{'companyName': 'Central Depository Services (India) Limited', 'fromYr': '2023', 'toYr': '...
[2025-03-13 23:47:59] Invalid data format for AnnualReports: {'data': [{'companyName': 'Bajaj Auto Limited', 'fromYr': '2023', 'toYr': '2024', 'submission_type':...
[2025-03-13 23:48:00] Invalid data format for AnnualReports: {'data': [{'companyName': 'ITC Limited', 'fromYr': '2023', 'toYr': '2024', 'submission_type': '-', '...
[2025-03-13 23:48:02] Invalid data format for AnnualReports: {'data': [{'companyName': 'Hindalco Industries Limited', 'fromYr': '2023', 'toYr': '2024', 'submissi...
[2025-03-13 23:48:04] Invalid data format for AnnualReports: {'data': [{'companyName': 'Shriram Finance Limited', 'fromYr': '2023', 'toYr': '2024', 'submission_t...
[2025-03-13 23:48:06] Invalid data format for AnnualReports: {'data': [{'companyName': 'REC Limited', 'fromYr': '2023', 'toYr': '2024', 'submission_type': '-', '...
[2025-03-13 23:48:07] Invalid data format for AnnualReports: {'data': [{'companyName': 'Chennai Petroleum Corporation Limited', 'fromYr': '2023', 'toYr': '2024',...
[2025-03-13 23:48:08] Invalid data format for AnnualReports: {'data': [{'companyName': 'HCL Technologies Limited', 'fromYr': '2023', 'toYr': '2024', 'submission_...
[2025-03-13 23:48:09] Invalid data format for AnnualReports: {'data': [{'companyName': 'Maruti Suzuki India Limited', 'fromYr': '2023', 'toYr': '2024', 'submissi...
[2025-03-13 23:48:11] Invalid data format for AnnualReports: {'data': [{'companyName': 'NTPC Limited', 'fromYr': '2023', 'toYr': '2024', 'submission_type': '-', ...
[2025-03-13 23:48:12] Invalid data format for AnnualReports: {'data': [{'companyName': 'Amber Enterprises India Limited', 'fromYr': '2023', 'toYr': '2024', 'subm...
[2025-03-13 23:48:14] Invalid data format for AnnualReports: {'data': [{'companyName': 'Power Finance Corporation Limited', 'fromYr': '2023', 'toYr': '2024', 'su...
[2025-03-13 23:48:16] Invalid data format for AnnualReports: {'data': [{'companyName': 'Vodafone Idea Limited', 'fromYr': '2023', 'toYr': '2024', 'submission_typ...
[2025-03-13 23:48:17] Invalid data format for AnnualReports: {'data': [{'companyName': 'Sun Pharmaceutical Industries Limited', 'fromYr': '2023', 'toYr': '2024',...
[2025-03-13 23:48:19] Invalid data format for AnnualReports: {'data': []}...
[2025-03-13 23:48:21] Invalid data format for AnnualReports: {'data': [{'companyName': 'KEC International Limited', 'fromYr': '2023', 'toYr': '2024', 'submission...
[2025-03-13 23:48:23] Invalid data format for AnnualReports: {'data': [{'companyName': 'Garden Reach Shipbuilders & Engineers Limited', 'fromYr': '2023', 'toYr':...
[2025-03-13 23:48:25] Invalid data format for AnnualReports: {'data': [{'companyName': 'Steel Authority of India Limited', 'fromYr': '2023', 'toYr': '2024', 'sub...
[2025-03-13 23:48:26] Invalid data format for AnnualReports: {'data': [{'companyName': 'Adani Power Limited', 'fromYr': '2023', 'toYr': '2024', 'submission_type'...
[2025-03-13 23:48:27] Invalid data format for AnnualReports: {'data': [{'companyName': 'InterGlobe Aviation Limited', 'fromYr': '2023', 'toYr': '2024', 'submissi...
[2025-03-13 23:48:28] Invalid data format for AnnualReports: {'data': [{'companyName': 'Solar Industries India Limited', 'fromYr': '2023', 'toYr': '2024', 'submi...
[2025-03-13 23:48:29] Invalid data format for AnnualReports: {'data': [{'companyName': 'Power Grid Corporation of India Limited', 'fromYr': '2023', 'toYr': '2024...
[2025-03-13 23:48:30] Invalid data format for AnnualReports: {'data': [{'companyName': 'Computer Age Management Services Limited', 'fromYr': '2023', 'toYr': '202...
[2025-03-13 23:48:32] Invalid data format for AnnualReports: {'data': [{'companyName': 'Bajaj Finserv Limited', 'fromYr': '2023', 'toYr': '2024', 'submission_typ...
[2025-03-13 23:48:34] Invalid data format for AnnualReports: {'data': [{'companyName': 'Suzlon Energy Limited', 'fromYr': '2023', 'toYr': '2024', 'submission_typ...
[2025-03-13 23:48:36] Invalid data format for AnnualReports: {'data': [{'companyName': 'Titan Company Limited', 'fromYr': '2023', 'toYr': '2024', 'submission_typ...
[2025-03-13 23:48:38] Invalid data format for AnnualReports: {'data': [{'companyName': 'One 97 Communications Limited', 'fromYr': '2023', 'toYr': '2024', 'submis...
[2025-03-13 23:48:39] Invalid data format for AnnualReports: {'data': [{'companyName': 'Wipro Limited', 'fromYr': '2023', 'toYr': '2024', 'submission_type': '-',...
[2025-03-13 23:48:41] Invalid data format for AnnualReports: {'data': [{'companyName': 'UltraTech Cement Limited', 'fromYr': '2023', 'toYr': '2024', 'submission_...
[2025-03-13 23:48:42] Invalid data format for AnnualReports: {'data': [{'companyName': 'Polycab India Limited', 'fromYr': '2023', 'toYr': '2024', 'submission_typ...
[2025-03-13 23:48:44] Invalid data format for AnnualReports: {'data': [{'companyName': 'Vedanta Limited', 'fromYr': '2023', 'toYr': '2024', 'submission_type': '-...
[2025-03-13 23:48:46] Invalid data format for AnnualReports: {'data': [{'companyName': 'JSW Energy Limited', 'fromYr': '2023', 'toYr': '2024', 'submission_type':...
[2025-03-13 23:48:48] Invalid data format for AnnualReports: {'data': [{'companyName': 'LTIMindtree Limited', 'fromYr': '2023', 'toYr': '2024', 'submission_type'...
[2025-03-13 23:48:50] Invalid data format for AnnualReports: {'data': [{'companyName': 'Coforge Limited', 'fromYr': '2023', 'toYr': '2024', 'submission_type': '-...
[2025-03-13 23:48:52] Invalid data format for AnnualReports: {'data': [{'companyName': 'Canara Bank', 'fromYr': '2023', 'toYr': '2024', 'submission_type': '-', '...
[2025-03-13 23:48:54] Invalid data format for AnnualReports: {'data': [{'companyName': 'Indus Towers Limited', 'fromYr': '2023', 'toYr': '2024', 'submission_type...
[2025-03-13 23:48:55] Invalid data format for AnnualReports: {'data': [{'companyName': 'Persistent Systems Limited', 'fromYr': '2023', 'toYr': '2024', 'submissio...
[2025-03-13 23:48:57] Invalid data format for AnnualReports: {'data': [{'companyName': 'Siemens Limited', 'fromYr': '2023', 'toYr': '2024', 'submission_type': 'N...
[2025-03-13 23:48:58] Invalid data format for AnnualReports: {'data': [{'companyName': 'Bharat Dynamics Limited', 'fromYr': '2023', 'toYr': '2024', 'submission_t...
[2025-03-13 23:49:00] Invalid data format for AnnualReports: {'data': [{'companyName': 'Angel One Limited', 'fromYr': '2023', 'toYr': '2024', 'submission_type': ...
[2025-03-13 23:49:02] Invalid data format for AnnualReports: {'data': [{'companyName': 'Bharat Forge Limited', 'fromYr': '2023', 'toYr': '2024', 'submission_type...
[2025-03-13 23:49:03] Invalid data format for AnnualReports: {'data': [{'companyName': 'BEML Limited', 'fromYr': '2023', 'toYr': '2024', 'submission_type': '-', ...
[2025-03-13 23:49:04] Invalid data format for AnnualReports: {'data': [{'companyName': 'Max Healthcare Institute Limited', 'fromYr': '2023', 'toYr': '2024', 'sub...
[2025-03-13 23:49:06] Invalid data format for AnnualReports: {'data': [{'companyName': 'Firstsource Solutions Limited', 'fromYr': '2023', 'toYr': '2024', 'submis...
[2025-03-13 23:49:09] Invalid data format for AnnualReports: {'data': [{'companyName': 'DLF Limited', 'fromYr': '2023', 'toYr': '2024', 'submission_type': '-', '...
[2025-03-13 23:49:11] Invalid data format for AnnualReports: {'data': [{'companyName': 'MphasiS Limited', 'fromYr': '2023', 'toYr': '2024', 'submission_type': '-...
[2025-03-13 23:49:12] Invalid data format for AnnualReports: {'data': [{'companyName': 'The Indian Hotels Company Limited', 'fromYr': '2023', 'toYr': '2024', 'su...
[2025-03-13 23:49:14] Invalid data format for AnnualReports: {'data': [{'companyName': 'ABB India Limited', 'fromYr': '2023', 'toYr': '2023', 'submission_type': ...
[2025-03-13 23:49:16] Invalid data format for AnnualReports: {'data': [{'companyName': 'Mankind Pharma Limited', 'fromYr': '2023', 'toYr': '2024', 'submission_ty...
[2025-03-13 23:49:17] Invalid data format for AnnualReports: {'data': []}...
[2025-03-13 23:49:19] Invalid data format for AnnualReports: {'data': [{'companyName': 'Castrol India Limited', 'fromYr': '2024', 'toYr': '2024', 'submission_typ...
[2025-03-13 23:49:21] Invalid data format for AnnualReports: {'data': [{'companyName': 'Info Edge (India) Limited', 'fromYr': '2023', 'toYr': '2024', 'submission...
[2025-03-13 23:49:22] Invalid data format for AnnualReports: {'data': [{'companyName': 'Rail Vikas Nigam Limited', 'fromYr': '2023', 'toYr': '2024', 'submission_...
[2025-03-13 23:49:24] Invalid data format for AnnualReports: {'data': [{'companyName': 'Bank of Baroda', 'fromYr': '2023', 'toYr': '2024', 'submission_type': '-'...
[2025-03-13 23:49:25] Invalid data format for AnnualReports: {'data': [{'companyName': 'Avanti Feeds Limited', 'fromYr': '2023', 'toYr': '2024', 'submission_type...
[2025-03-13 23:49:27] Invalid data format for AnnualReports: {'data': [{'companyName': 'Voltas Limited', 'fromYr': '2023', 'toYr': '2024', 'submission_type': '-'...
[2025-03-13 23:49:29] Invalid data format for AnnualReports: {'data': [{'companyName': 'Engineers India Limited', 'fromYr': '2023', 'toYr': '2024', 'submission_t...
[2025-03-13 23:49:30] Invalid data format for AnnualReports: {'data': [{'companyName': 'Oil India Limited', 'fromYr': '2023', 'toYr': '2024', 'submission_type': ...
[2025-03-13 23:49:32] Invalid data format for AnnualReports: {'data': [{'companyName': 'Adani Energy Solutions Limited', 'fromYr': '2023', 'toYr': '2024', 'submi...
[2025-03-13 23:49:33] Invalid data format for AnnualReports: {'data': [{'companyName': 'Tata Power Company Limited', 'fromYr': '2023', 'toYr': '2024', 'submissio...
[2025-03-13 23:49:34] Invalid data format for AnnualReports: {'data': []}...
[2025-03-13 23:49:36] Invalid data format for AnnualReports: {'data': [{'companyName': 'Adani Enterprises Limited', 'fromYr': '2023', 'toYr': '2024', 'submission...
[2025-03-13 23:49:37] Invalid data format for AnnualReports: {'data': [{'companyName': 'Asian Paints Limited', 'fromYr': '2023', 'toYr': '2024', 'submission_type...
[2025-03-13 23:49:40] Invalid data format for AnnualReports: {'data': [{'companyName': 'Samvardhana Motherson International Limited', 'fromYr': '2023', 'toYr': '...
[2025-03-13 23:49:42] Invalid data format for AnnualReports: {'data': [{'companyName': 'UNO Minda Limited', 'fromYr': '2023', 'toYr': '2024', 'submission_type': ...
[2025-03-13 23:49:43] Invalid data format for AnnualReports: {'data': [{'companyName': 'HDFC Asset Management Company Limited', 'fromYr': '2023', 'toYr': '2024',...
[2025-03-13 23:49:45] Invalid data format for AnnualReports: {'data': [{'companyName': 'IDFC First Bank Limited', 'fromYr': '2023', 'toYr': '2024', 'submission_t...
[2025-03-13 23:49:47] Invalid data format for AnnualReports: {'data': [{'companyName': 'SRF Limited', 'fromYr': '2023', 'toYr': '2024', 'submission_type': '-', '...
[2025-03-13 23:49:48] Invalid data format for AnnualReports: {'data': [{'companyName': 'Adani Ports and Special Economic Zone Limited', 'fromYr': '2023', 'toYr':...
[2025-03-13 23:49:50] Invalid data format for AnnualReports: {'data': [{'companyName': 'Hindustan Petroleum Corporation Limited', 'fromYr': '2023', 'toYr': '2024...
[2025-03-13 23:49:52] Invalid data format for AnnualReports: {'data': [{'companyName': 'Apollo Hospitals Enterprise Limited', 'fromYr': '2023', 'toYr': '2024', '...
[2025-03-13 23:49:54] Invalid data format for AnnualReports: {'data': []}...
[2025-03-13 23:49:56] Invalid data format for AnnualReports: {'data': [{'companyName': 'Coal India Limited', 'fromYr': '2023', 'toYr': '2024', 'submission_type':...
[2025-03-13 23:49:58] Invalid data format for AnnualReports: {'data': [{'companyName': 'GAIL (India) Limited', 'fromYr': '2023', 'toYr': '2024', 'submission_type...
[2025-03-13 23:50:00] Invalid data format for AnnualReports: {'data': [{'companyName': 'Macrotech Developers Limited', 'fromYr': '2023', 'toYr': '2024', 'submiss...
[2025-03-13 23:50:02] Invalid data format for AnnualReports: {'data': [{'companyName': "Dr. Reddy's Laboratories Limited", 'fromYr': '2023', 'toYr': '2024', 'sub...
[2025-03-13 23:50:04] Invalid data format for AnnualReports: {'data': [{'companyName': 'Tech Mahindra Limited', 'fromYr': '2023', 'toYr': '2024', 'submission_typ...
[2025-03-13 23:50:04] Invalid data format for AnnualReports: {'data': [{'companyName': 'Havells India Limited', 'fromYr': '2023', 'toYr': '2024', 'submission_typ...
[2025-03-13 23:50:07] Invalid data format for AnnualReports: {'data': [{'companyName': 'Whirlpool of India Limited', 'fromYr': '2023', 'toYr': '2024', 'submissio...
[2025-03-13 23:50:08] Invalid data format for AnnualReports: {'data': [{'companyName': 'HFCL Limited', 'fromYr': '2023', 'toYr': '2024', 'submission_type': '-', ...
[2025-03-13 23:50:09] Invalid data format for AnnualReports: {'data': [{'companyName': 'HDFC Life Insurance Company Limited', 'fromYr': '2023', 'toYr': '2024', '...
[2025-03-13 23:50:11] Invalid data format for AnnualReports: {'data': [{'companyName': 'Manappuram Finance Limited', 'fromYr': '2023', 'toYr': '2024', 'submissio...
[2025-03-13 23:50:12] Invalid data format for AnnualReports: {'data': [{'companyName': 'Indian Oil Corporation Limited', 'fromYr': '2023', 'toYr': '2024', 'submi...
[2025-03-13 23:50:13] Invalid data format for AnnualReports: {'data': [{'companyName': 'Indian Railway Finance Corporation Limited', 'fromYr': '2023', 'toYr': '2...
[2025-03-13 23:50:15] Invalid data format for AnnualReports: {'data': [{'companyName': 'Britannia Industries Limited', 'fromYr': '2023', 'toYr': '2024', 'submiss...
[2025-03-13 23:50:17] Invalid data format for AnnualReports: {'data': [{'companyName': 'ICICI Lombard General Insurance Company Limited', 'fromYr': '2023', 'toYr...
[2025-03-13 23:50:18] Invalid data format for AnnualReports: {'data': [{'companyName': 'Affle (India) Limited', 'fromYr': '2023', 'toYr': '2024', 'submission_typ...
[2025-03-13 23:50:19] Invalid data format for AnnualReports: {'data': [{'companyName': 'Eicher Motors Limited', 'fromYr': '2023', 'toYr': '2024', 'submission_typ...
[2025-03-13 23:50:22] Invalid data format for AnnualReports: {'data': [{'companyName': 'Punjab National Bank', 'fromYr': '2023', 'toYr': '2024', 'submission_type...
[2025-03-13 23:50:23] Invalid data format for AnnualReports: {'data': [{'companyName': 'Hero MotoCorp Limited', 'fromYr': '2023', 'toYr': '2024', 'submission_typ...
[2025-03-13 23:50:24] Invalid data format for AnnualReports: {'data': [{'companyName': 'SBI Life Insurance Company Limited', 'fromYr': '2023', 'toYr': '2024', 's...
[2025-03-13 23:50:26] Invalid data format for AnnualReports: {'data': [{'companyName': 'Bharat Heavy Electricals Limited', 'fromYr': '2023', 'toYr': '2024', 'sub...
[2025-03-13 23:50:28] Invalid data format for AnnualReports: {'data': [{'companyName': "Divi's Laboratories Limited", 'fromYr': '2023', 'toYr': '2024', 'submissi...
[2025-03-13 23:50:29] Invalid data format for AnnualReports: {'data': [{'companyName': '360 ONE WAM LIMITED', 'fromYr': '2023', 'toYr': '2024', 'submission_type'...
[2025-03-13 23:50:31] Invalid data format for AnnualReports: {'data': [{'companyName': 'Aavas Financiers Limited', 'fromYr': '2023', 'toYr': '2024', 'submission_...
[2025-03-13 23:50:33] Invalid data format for AnnualReports: {'data': [{'companyName': 'JSW Steel Limited', 'fromYr': '2023', 'toYr': '2024', 'submission_type': ...
[2025-03-13 23:50:35] Invalid data format for AnnualReports: {'data': []}...
[2025-03-13 23:50:36] Invalid data format for AnnualReports: {'data': [{'companyName': 'Thermax Limited', 'fromYr': '2023', 'toYr': '2024', 'submission_type': '-...
[2025-03-13 23:50:38] Invalid data format for AnnualReports: {'data': [{'companyName': 'SEPC Limited', 'fromYr': '2023', 'toYr': '2024', 'submission_type': '-', ...
[2025-03-13 23:50:40] Invalid data format for AnnualReports: {'data': [{'companyName': 'Bharat Petroleum Corporation Limited', 'fromYr': '2023', 'toYr': '2024', ...
[2025-03-13 23:50:42] Invalid data format for AnnualReports: {'data': [{'companyName': 'APL Apollo Tubes Limited', 'fromYr': '2023', 'toYr': '2024', 'submission_...
[2025-03-13 23:50:44] Invalid data format for AnnualReports: {'data': []}...
[2025-03-13 23:50:46] Invalid data format for AnnualReports: {'data': [{'companyName': 'NACL Industries Limited', 'fromYr': '2023', 'toYr': '2024', 'submission_t...
[2025-03-13 23:50:47] Invalid data format for AnnualReports: {'data': []}...
[2025-03-13 23:50:49] Invalid data format for AnnualReports: {'data': [{'companyName': 'Cipla Limited', 'fromYr': '2023', 'toYr': '2024', 'submission_type': '-',...
[2025-03-13 23:50:51] Invalid data format for AnnualReports: {'data': [{'companyName': 'Cochin Shipyard Limited', 'fromYr': '2023', 'toYr': '2024', 'submission_t...
[2025-03-13 23:50:53] Invalid data format for AnnualReports: {'data': [{'companyName': 'Hitachi Energy India Limited', 'fromYr': '2023', 'toYr': '2024', 'submiss...
[2025-03-13 23:50:55] Invalid data format for AnnualReports: {'data': [{'companyName': 'Coromandel International Limited', 'fromYr': '2023', 'toYr': '2024', 'sub...
[2025-03-13 23:50:57] Invalid data format for AnnualReports: {'data': [{'companyName': 'AU Small Finance Bank Limited', 'fromYr': '2023', 'toYr': '2024', 'submis...
[2025-03-13 23:50:59] Invalid data format for AnnualReports: {'data': [{'companyName': 'CARYSIL LIMITED', 'fromYr': '2023', 'toYr': '2024', 'submission_type': '-...
[2025-03-13 23:51:00] Invalid data format for AnnualReports: {'data': [{'companyName': 'Grasim Industries Limited', 'fromYr': '2023', 'toYr': '2024', 'submission...
[2025-03-13 23:51:01] Invalid data format for AnnualReports: {'data': [{'companyName': 'Anand Rathi Wealth Limited', 'fromYr': '2023', 'toYr': '2024', 'submissio...
[2025-03-13 23:51:02] Invalid data format for AnnualReports: {'data': []}...
[2025-03-13 23:51:04] Invalid data format for AnnualReports: {'data': [{'companyName': 'Sarda Energy & Minerals Limited', 'fromYr': '2023', 'toYr': '2024', 'subm...
[2025-03-13 23:51:05] Invalid data format for AnnualReports: {'data': [{'companyName': 'Tube Investments of India Limited', 'fromYr': '2023', 'toYr': '2024', 'su...
[2025-03-13 23:51:07] Invalid data format for AnnualReports: {'data': [{'companyName': 'Colgate Palmolive (India) Limited', 'fromYr': '2023', 'toYr': '2024', 'su...
[2025-03-13 23:51:09] Invalid data format for AnnualReports: {'data': [{'companyName': 'Cholamandalam Investment and Finance Company Limited', 'fromYr': '2023', ...
[2025-03-13 23:51:11] Invalid data format for AnnualReports: {'data': [{'companyName': 'Cummins India Limited', 'fromYr': '2023', 'toYr': '2024', 'submission_typ...
[2025-03-13 23:51:13] Invalid data format for AnnualReports: {'data': [{'companyName': 'Oracle Financial Services Software Limited', 'fromYr': '2023', 'toYr': '2...
[2025-03-13 23:51:15] Invalid data format for AnnualReports: {'data': [{'companyName': 'ACC Limited', 'fromYr': '2023', 'toYr': '2024', 'submission_type': '-', '...
[2025-03-13 23:51:17] Invalid data format for AnnualReports: {'data': [{'companyName': 'Blue Star Limited', 'fromYr': '2023', 'toYr': '2024', 'submission_type': ...
[2025-03-13 23:51:19] Invalid data format for AnnualReports: {'data': [{'companyName': 'Zee Entertainment Enterprises Limited', 'fromYr': '2023', 'toYr': '2024',...
[2025-03-13 23:51:21] Invalid data format for AnnualReports: {'data': [{'companyName': 'Ashok Leyland Limited', 'fromYr': '2023', 'toYr': '2024', 'submission_typ...
[2025-03-13 23:51:22] Invalid data format for AnnualReports: {'data': [{'companyName': 'Indian Renewable Energy Development Agency Limited', 'fromYr': '2023', 't...
[2025-03-13 23:51:24] Invalid data format for AnnualReports: {'data': [{'companyName': 'Yes Bank Limited', 'fromYr': '2023', 'toYr': '2024', 'submission_type': '...
[2025-03-13 23:51:26] Invalid data format for AnnualReports: {'data': [{'companyName': 'Kolte - Patil Developers Limited', 'fromYr': '2023', 'toYr': '2024', 'sub...
[2025-03-13 23:51:27] Invalid data format for AnnualReports: {'data': [{'companyName': 'Fortis Healthcare Limited', 'fromYr': '2023', 'toYr': '2024', 'submission...
[2025-03-13 23:51:29] Invalid data format for AnnualReports: {'data': [{'companyName': 'Tata Technologies Limited', 'fromYr': '2023', 'toYr': '2024', 'submission...
[2025-03-13 23:51:31] Invalid data format for AnnualReports: {'data': [{'companyName': 'CREDITACCESS GRAMEEN LIMITED', 'fromYr': '2023', 'toYr': '2024', 'submiss...
[2025-03-13 23:51:32] Invalid data format for AnnualReports: {'data': [{'companyName': 'PG Electroplast Limited', 'fromYr': '2023', 'toYr': '2024', 'submission_t...
[2025-03-13 23:51:33] Invalid data format for AnnualReports: {'data': [{'companyName': 'Muthoot Finance Limited', 'fromYr': '2023', 'toYr': '2024', 'submission_t...
[2025-03-13 23:51:35] Invalid data format for AnnualReports: {'data': [{'companyName': 'Life Insurance Corporation Of India', 'fromYr': '2023', 'toYr': '2024', '...
[2025-03-13 23:51:37] Invalid data format for AnnualReports: {'data': [{'companyName': 'BIRLASOFT LIMITED', 'fromYr': '2023', 'toYr': '2024', 'submission_type': ...
[2025-03-13 23:51:39] Invalid data format for AnnualReports: {'data': [{'companyName': 'MRF Limited', 'fromYr': '2023', 'toYr': '2024', 'submission_type': '-', '...
[2025-03-13 23:51:41] Invalid data format for AnnualReports: {'data': [{'companyName': 'Pidilite Industries Limited', 'fromYr': '2023', 'toYr': '2024', 'submissi...
[2025-03-13 23:51:43] Invalid data format for AnnualReports: {'data': []}...
[2025-03-13 23:51:45] Invalid data format for AnnualReports: {'data': []}...
[2025-03-13 23:51:47] Invalid data format for AnnualReports: {'data': [{'companyName': 'Chambal Fertilizers & Chemicals Limited', 'fromYr': '2023', 'toYr': '2024...
[2025-03-13 23:51:48] Invalid data format for AnnualReports: {'data': [{'companyName': 'TVS Motor Company Limited', 'fromYr': '2023', 'toYr': '2024', 'submission...
[2025-03-13 23:51:50] Invalid data format for AnnualReports: {'data': [{'companyName': 'The Phoenix Mills Limited', 'fromYr': '2023', 'toYr': '2024', 'submission...
[2025-03-13 23:51:52] Invalid data format for AnnualReports: {'data': [{'companyName': 'NMDC Limited', 'fromYr': '2023', 'toYr': '2024', 'submission_type': '-', ...
[2025-03-13 23:51:53] Invalid data format for AnnualReports: {'data': [{'companyName': 'Triveni Turbine Limited', 'fromYr': '2023', 'toYr': '2024', 'submission_t...
[2025-03-13 23:51:54] Invalid data format for AnnualReports: {'data': [{'companyName': 'Jindal Steel & Power Limited', 'fromYr': '2023', 'toYr': '2024', 'submiss...
[2025-03-13 23:51:55] Invalid data format for AnnualReports: {'data': [{'companyName': 'Patanjali Foods Limited', 'fromYr': '2023', 'toYr': '2024', 'submission_t...
[2025-03-13 23:51:58] Invalid data format for AnnualReports: {'data': [{'companyName': 'NHPC Limited', 'fromYr': '2023', 'toYr': '2024', 'submission_type': '-', ...
[2025-03-13 23:52:00] Invalid data format for AnnualReports: {'data': [{'companyName': 'UPL Limited', 'fromYr': '2023', 'toYr': '2024', 'submission_type': '-', '...
[2025-03-13 23:52:02] Invalid data format for AnnualReports: {'data': [{'companyName': 'Jyoti CNC Automation Limited', 'fromYr': '2023', 'toYr': '2024', 'submiss...
[2025-03-13 23:52:03] Invalid data format for AnnualReports: {'data': [{'companyName': 'Piramal Pharma Limited', 'fromYr': '2023', 'toYr': '2024', 'submission_ty...
[2025-03-13 23:52:04] Invalid data format for AnnualReports: {'data': [{'companyName': 'Indian Bank', 'fromYr': '2023', 'toYr': '2024', 'submission_type': '-', '...
[2025-03-13 23:52:05] Invalid data format for AnnualReports: {'data': [{'companyName': 'TATA CONSUMER PRODUCTS LIMITED', 'fromYr': '2023', 'toYr': '2024', 'submi...
[2025-03-13 23:52:07] Invalid data format for AnnualReports: {'data': [{'companyName': 'National Aluminium Company Limited', 'fromYr': '2023', 'toYr': '2024', 's...
[2025-03-13 23:52:09] Invalid data format for AnnualReports: {'data': [{'companyName': 'NCC Limited', 'fromYr': '2023', 'toYr': '2024', 'submission_type': '-', '...
[2025-03-13 23:52:11] Invalid data format for AnnualReports: {'data': [{'companyName': 'Crompton Greaves Consumer Electricals Limited', 'fromYr': '2023', 'toYr':...
[2025-03-13 23:52:13] Invalid data format for AnnualReports: {'data': [{'companyName': 'CG Power and Industrial Solutions Limited', 'fromYr': '2023', 'toYr': '20...
[2025-03-13 23:52:15] Invalid data format for AnnualReports: {'data': [{'companyName': 'Hindustan Copper Limited', 'fromYr': '2023', 'toYr': '2024', 'submission_...
[2025-03-13 23:52:16] Invalid data format for AnnualReports: {'data': []}...
[2025-03-13 23:52:18] Invalid data format for AnnualReports: {'data': [{'companyName': 'Godrej Properties Limited', 'fromYr': '2023', 'toYr': '2024', 'submission...
[2025-03-13 23:52:20] Invalid data format for AnnualReports: {'data': [{'companyName': 'Inox Wind Limited', 'fromYr': '2023', 'toYr': '2024', 'submission_type': ...
[2025-03-13 23:52:22] Invalid data format for AnnualReports: {'data': [{'companyName': 'Godfrey Phillips India Limited', 'fromYr': '2023', 'toYr': '2024', 'submi...
[2025-03-13 23:52:24] Invalid data format for AnnualReports: {'data': []}...
[2025-03-13 23:52:25] Invalid data format for AnnualReports: {'data': [{'companyName': 'Ambuja Cements Limited', 'fromYr': '2023', 'toYr': '2024', 'submission_ty...
[2025-03-13 23:52:26] Invalid data format for AnnualReports: {'data': [{'companyName': 'Redington Limited', 'fromYr': '2023', 'toYr': '2024', 'submission_type': ...
[2025-03-13 23:52:28] Invalid data format for AnnualReports: {'data': [{'companyName': 'TITAGARH RAIL SYSTEMS LIMITED', 'fromYr': '2023', 'toYr': '2024', 'submis...
[2025-03-13 23:52:29] Invalid data format for AnnualReports: {'data': [{'companyName': 'Sammaan Capital Limited', 'fromYr': '2023', 'toYr': '2024', 'submission_t...
[2025-03-13 23:52:32] Invalid data format for AnnualReports: {'data': [{'companyName': 'Vijaya Diagnostic Centre Limited', 'fromYr': '2023', 'toYr': '2024', 'sub...
[2025-03-13 23:52:34] Invalid data format for AnnualReports: {'data': [{'companyName': 'Prestige Estates Projects Limited', 'fromYr': '2023', 'toYr': '2024', 'su...
[2025-03-13 23:52:36] Invalid data format for AnnualReports: {'data': [{'companyName': 'KEI Industries Limited', 'fromYr': '2023', 'toYr': '2024', 'submission_ty...
[2025-03-13 23:52:38] Invalid data format for AnnualReports: {'data': [{'companyName': 'Sterling and Wilson Renewable Energy Limited', 'fromYr': '2023', 'toYr': ...
[2025-03-13 23:52:40] Invalid data format for AnnualReports: {'data': [{'companyName': 'Lupin Limited', 'fromYr': '2023', 'toYr': '2024', 'submission_type': '-',...
[2025-03-13 23:52:42] Invalid data format for AnnualReports: {'data': []}...
[2025-03-13 23:52:44] Invalid data format for AnnualReports: {'data': [{'companyName': 'Bandhan Bank Limited', 'fromYr': '2023', 'toYr': '2024', 'submission_type...
[2025-03-13 23:52:46] Invalid data format for AnnualReports: {'data': [{'companyName': 'Balkrishna Industries Limited', 'fromYr': '2023', 'toYr': '2024', 'submis...
[2025-03-13 23:52:47] Invalid data format for AnnualReports: {'data': [{'companyName': 'Adani Total Gas Limited', 'fromYr': '2023', 'toYr': '2024', 'submission_t...
[2025-03-13 23:52:49] Invalid data format for AnnualReports: {'data': [{'companyName': 'PI Industries Limited', 'fromYr': '2023', 'toYr': '2024', 'submission_typ...
[2025-03-13 23:52:51] Invalid data format for AnnualReports: {'data': [{'companyName': 'Narayana Hrudayalaya Ltd.', 'fromYr': '2023', 'toYr': '2024', 'submission...
[2025-03-13 23:52:52] Invalid data format for AnnualReports: {'data': [{'companyName': 'Senco Gold Limited', 'fromYr': '2023', 'toYr': '2024', 'submission_type':...
[2025-03-13 23:52:54] Invalid data format for AnnualReports: {'data': [{'companyName': 'Sona BLW Precision Forgings Limited', 'fromYr': '2023', 'toYr': '2024', '...
[2025-03-13 23:52:56] Invalid data format for AnnualReports: {'data': [{'companyName': 'L&T Technology Services Limited', 'fromYr': '2023', 'toYr': '2024', 'subm...
[2025-03-13 23:52:58] Invalid data format for AnnualReports: {'data': [{'companyName': 'Tata Communications Limited', 'fromYr': '2023', 'toYr': '2024', 'submissi...
[2025-03-13 23:52:59] Invalid data format for AnnualReports: {'data': [{'companyName': 'Union Bank of India', 'fromYr': '2023', 'toYr': '2024', 'submission_type'...
[2025-03-13 23:53:02] Invalid data format for AnnualReports: {'data': [{'companyName': 'Tata Elxsi Limited', 'fromYr': '2023', 'toYr': '2024', 'submission_type':...
[2025-03-13 23:53:04] Invalid data format for AnnualReports: {'data': [{'companyName': 'RBL Bank Limited', 'fromYr': '2023', 'toYr': '2024', 'submission_type': '...
[2025-03-13 23:53:06] Invalid data format for AnnualReports: {'data': []}...
[2025-03-13 23:53:07] Invalid data format for AnnualReports: {'data': [{'companyName': 'Swan Energy Limited', 'fromYr': '2023', 'toYr': '2024', 'submission_type'...
[2025-03-13 23:53:10] Invalid data format for AnnualReports: {'data': [{'companyName': 'FSN E-Commerce Ventures Limited', 'fromYr': '2023', 'toYr': '2024', 'subm...
[2025-03-13 23:53:12] Invalid data format for AnnualReports: {'data': [{'companyName': 'The Ramco Cements Limited', 'fromYr': '2023', 'toYr': '2024', 'submission...
[2025-03-13 23:53:14] Invalid data format for AnnualReports: {'data': [{'companyName': 'Housing & Urban Development Corporation Limited', 'fromYr': '2023', 'toYr...
[2025-03-13 23:53:15] Invalid data format for AnnualReports: {'data': [{'companyName': 'Anant Raj Limited', 'fromYr': '2023', 'toYr': '2024', 'submission_type': ...
[2025-03-13 23:53:17] Invalid data format for AnnualReports: {'data': [{'companyName': 'Godrej Consumer Products Limited', 'fromYr': '2023', 'toYr': '2024', 'sub...
[2025-03-13 23:53:18] Invalid data format for AnnualReports: {'data': [{'companyName': 'Petronet LNG Limited', 'fromYr': '2023', 'toYr': '2024', 'submission_type...
[2025-03-13 23:53:20] Invalid data format for AnnualReports: {'data': [{'companyName': 'Astral Limited', 'fromYr': '2023', 'toYr': '2024', 'submission_type': '-'...
[2025-03-13 23:53:22] Invalid data format for AnnualReports: {'data': [{'companyName': 'Dabur India Limited', 'fromYr': '2023', 'toYr': '2024', 'submission_type'...
[2025-03-13 23:53:23] Invalid data format for AnnualReports: {'data': [{'companyName': 'Nestle India Limited', 'fromYr': '2023', 'toYr': '2024', 'submission_type...
[2025-03-13 23:53:24] Invalid data format for AnnualReports: {'data': [{'companyName': 'Zen Technologies Limited', 'fromYr': '2023', 'toYr': '2024', 'submission_...
[2025-03-13 23:53:25] Invalid data format for AnnualReports: {'data': [{'companyName': 'Elgi Equipments Limited', 'fromYr': '2023', 'toYr': '2024', 'submission_t...
[2025-03-13 23:53:26] Invalid data format for AnnualReports: {'data': []}...
[2025-03-13 23:53:28] Invalid data format for AnnualReports: {'data': [{'companyName': 'HBL Engineering Limited', 'fromYr': '2023', 'toYr': '2024', 'submission_t...
[2025-03-13 23:53:29] Invalid data format for AnnualReports: {'data': [{'companyName': 'Zensar Technologies Limited', 'fromYr': '2023', 'toYr': '2024', 'submissi...
[2025-03-13 23:53:30] Invalid data format for AnnualReports: {'data': [{'companyName': 'GMR AIRPORTS LIMITED', 'fromYr': '2023', 'toYr': '2024', 'submission_type...
[2025-03-13 23:53:32] Invalid data format for AnnualReports: {'data': [{'companyName': 'ICICI Securities Limited', 'fromYr': '2023', 'toYr': '2024', 'submission_...
[2025-03-13 23:53:33] Invalid data format for AnnualReports: {'data': [{'companyName': 'Oberoi Realty Limited', 'fromYr': '2023', 'toYr': '2024', 'submission_typ...
[2025-03-13 23:53:34] Invalid data format for AnnualReports: {'data': [{'companyName': 'Som Distilleries & Breweries Limited', 'fromYr': '2023', 'toYr': '2024', ...
[2025-03-13 23:53:36] Invalid data format for AnnualReports: {'data': [{'companyName': 'United Spirits Limited', 'fromYr': '2023', 'toYr': '2024', 'submission_ty...
[2025-03-13 23:53:38] Invalid data format for AnnualReports: {'data': [{'companyName': 'Hindustan Zinc Limited', 'fromYr': '2023', 'toYr': '2024', 'submission_ty...
[2025-03-13 23:53:40] Invalid data format for AnnualReports: {'data': [{'companyName': 'Jubilant Foodworks Limited', 'fromYr': '2023', 'toYr': '2024', 'submissio...
[2025-03-13 23:53:42] Invalid data format for AnnualReports: {'data': [{'companyName': 'KPIT Technologies Limited', 'fromYr': '2023', 'toYr': '2024', 'submission...
[2025-03-13 23:53:45] Invalid data format for AnnualReports: {'data': [{'companyName': 'LIC Housing Finance Limited', 'fromYr': '2023', 'toYr': '2024', 'submissi...
[2025-03-13 23:53:47] Invalid data format for AnnualReports: {'data': [{'companyName': 'Birla Corporation Limited', 'fromYr': '2023', 'toYr': '2024', 'submission...
[2025-03-13 23:53:48] Invalid data format for AnnualReports: {'data': [{'companyName': 'Tejas Networks Limited', 'fromYr': '2023', 'toYr': '2024', 'submission_ty...
[2025-03-13 23:53:50] Invalid data format for AnnualReports: {'data': [{'companyName': 'Neuland Laboratories Limited', 'fromYr': '2023', 'toYr': '2024', 'submiss...
[2025-03-13 23:53:52] Invalid data format for AnnualReports: {'data': [{'companyName': 'Delhivery Limited', 'fromYr': '2023', 'toYr': '2024', 'submission_type': ...
[2025-03-13 23:53:53] Invalid data format for AnnualReports: {'data': [{'companyName': 'Apar Industries Limited', 'fromYr': '2023', 'toYr': '2024', 'submission_t...
[2025-03-13 23:53:55] Invalid data format for AnnualReports: {'data': [{'companyName': 'Kfin Technologies Limited', 'fromYr': '2023', 'toYr': '2024', 'submission...
[2025-03-13 23:53:57] Invalid data format for AnnualReports: {'data': [{'companyName': 'Aurobindo Pharma Limited', 'fromYr': '2023', 'toYr': '2024', 'submission_...
[2025-03-13 23:53:58] Invalid data format for AnnualReports: {'data': [{'companyName': 'Jaiprakash Power Ventures Limited', 'fromYr': '2023', 'toYr': '2024', 'su...
[2025-03-13 23:54:00] Invalid data format for AnnualReports: {'data': [{'companyName': 'Welspun Corp Limited', 'fromYr': '2023', 'toYr': '2024', 'submission_type...
[2025-03-13 23:54:01] Invalid data format for AnnualReports: {'data': []}...
[2025-03-13 23:54:04] Invalid data format for AnnualReports: {'data': [{'companyName': 'Indian Railway Catering And Tourism Corporation Limited', 'fromYr': '2023...
[2025-03-13 23:54:06] Invalid data format for AnnualReports: {'data': [{'companyName': 'EIH Limited', 'fromYr': '2023', 'toYr': '2024', 'submission_type': '-', '...
[2025-03-13 23:54:07] Invalid data format for AnnualReports: {'data': [{'companyName': 'Johnson Controls - Hitachi Air Conditioning India Limited', 'fromYr': '20...
[2025-03-13 23:54:09] Invalid data format for AnnualReports: {'data': [{'companyName': 'SBI Cards and Payment Services Limited', 'fromYr': '2023', 'toYr': '2024'...
[2025-03-13 23:54:10] Invalid data format for AnnualReports: {'data': [{'companyName': 'Exide Industries Limited', 'fromYr': '2023', 'toYr': '2024', 'submission_...
[2025-03-13 23:54:11] Invalid data format for AnnualReports: {'data': []}...
[2025-03-13 23:54:13] Invalid data format for AnnualReports: {'data': [{'companyName': 'Reliance Power Limited', 'fromYr': '2023', 'toYr': '2024', 'submission_ty...
[2025-03-13 23:54:15] Invalid data format for AnnualReports: {'data': []}...
[2025-03-13 23:54:18] Invalid data format for AnnualReports: {'data': [{'companyName': 'Signatureglobal (India) Limited', 'fromYr': '2023', 'toYr': '2024', 'subm...
[2025-03-13 23:54:20] Invalid data format for AnnualReports: {'data': [{'companyName': 'The Federal Bank  Limited', 'fromYr': '2023', 'toYr': '2024', 'submission...
[2025-03-13 23:54:22] Invalid data format for AnnualReports: {'data': []}...
[2025-03-13 23:54:24] Invalid data format for AnnualReports: {'data': [{'companyName': 'Jupiter Wagons Limited', 'fromYr': '2023', 'toYr': '2024', 'submission_ty...
[2025-03-13 23:54:25] Invalid data format for AnnualReports: {'data': [{'companyName': 'Torrent Pharmaceuticals Limited', 'fromYr': '2023', 'toYr': '2024', 'subm...
[2025-03-13 23:54:27] Invalid data format for AnnualReports: {'data': [{'companyName': 'Reliance Infrastructure Limited', 'fromYr': '2023', 'toYr': '2024', 'subm...
[2025-03-13 23:54:28] Invalid data format for AnnualReports: {'data': [{'companyName': 'Bank of India', 'fromYr': '2023', 'toYr': '2024', 'submission_type': '-',...
[2025-03-13 23:54:29] Invalid data format for AnnualReports: {'data': [{'companyName': 'BLS International Services Limited', 'fromYr': '2023', 'toYr': '2024', 's...
[2025-03-13 23:54:31] Invalid data format for AnnualReports: {'data': [{'companyName': 'Apollo Micro Systems Limited', 'fromYr': '2023', 'toYr': '2024', 'submiss...
[2025-03-13 23:54:32] Invalid data format for AnnualReports: {'data': [{'companyName': 'Jubilant Pharmova Limited', 'fromYr': '2023', 'toYr': '2024', 'submission...
[2025-03-13 23:54:34] Invalid data format for AnnualReports: {'data': [{'companyName': 'Pearl Global Industries Limited', 'fromYr': '2023', 'toYr': '2024', 'subm...
[2025-03-13 23:54:36] Invalid data format for AnnualReports: {'data': [{'companyName': 'Sundram Fasteners Limited', 'fromYr': '2023', 'toYr': '2024', 'submission...
[2025-03-13 23:54:37] Invalid data format for AnnualReports: {'data': [{'companyName': 'JSW Infrastructure Limited', 'fromYr': '2023', 'toYr': '2024', 'submissio...
[2025-03-13 23:54:39] Invalid data format for AnnualReports: {'data': [{'companyName': 'IRB Infrastructure Developers Limited', 'fromYr': '2023', 'toYr': '2024',...
[2025-03-13 23:54:41] Invalid data format for AnnualReports: {'data': [{'companyName': 'Nippon Life India Asset Management Limited', 'fromYr': '2023', 'toYr': '2...
[2025-03-13 23:54:42] Invalid data format for AnnualReports: {'data': []}...
[2025-03-13 23:54:44] Invalid data format for AnnualReports: {'data': [{'companyName': 'Dalmia Bharat Limited', 'fromYr': '2023', 'toYr': '2024', 'submission_typ...
[2025-03-13 23:54:46] Invalid data format for AnnualReports: {'data': [{'companyName': 'Easy Trip Planners Limited', 'fromYr': '2023', 'toYr': '2024', 'submissio...
[2025-03-13 23:54:47] Invalid data format for AnnualReports: {'data': [{'companyName': 'Nuvama Wealth Management Limited', 'fromYr': '2023', 'toYr': '2024', 'sub...
[2025-03-13 23:54:49] Invalid data format for AnnualReports: {'data': [{'companyName': 'Laurus Labs Limited', 'fromYr': '2023', 'toYr': '2024', 'submission_type'...
[2025-03-13 23:54:51] Invalid data format for AnnualReports: {'data': []}...
[2025-03-13 23:54:53] Invalid data format for AnnualReports: {'data': [{'companyName': 'Hindustan Construction Company Limited', 'fromYr': '2023', 'toYr': '2024'...
[2025-03-13 23:54:55] Invalid data format for AnnualReports: {'data': [{'companyName': 'Natco Pharma Limited', 'fromYr': '2023', 'toYr': '2024', 'submission_type...
[2025-03-13 23:54:56] Invalid data format for AnnualReports: {'data': [{'companyName': 'SHREE CEMENT LIMITED', 'fromYr': '2023', 'toYr': '2024', 'submission_type...
[2025-03-13 23:54:57] Invalid data format for AnnualReports: {'data': [{'companyName': 'Glenmark Pharmaceuticals Limited', 'fromYr': '2023', 'toYr': '2024', 'sub...
[2025-03-13 23:54:58] Invalid data format for AnnualReports: {'data': [{'companyName': 'Biocon Limited', 'fromYr': '2023', 'toYr': '2024', 'submission_type': '-'...
[2025-03-13 23:55:00] Invalid data format for AnnualReports: {'data': [{'companyName': 'Ami Organics Limited', 'fromYr': '2023', 'toYr': '2024', 'submission_type...
[2025-03-13 23:55:01] Invalid data format for AnnualReports: {'data': [{'companyName': 'AstraZeneca Pharma India Limited', 'fromYr': '2023', 'toYr': '2024', 'sub...
[2025-03-13 23:55:02] Invalid data format for AnnualReports: {'data': []}...
[2025-03-13 23:55:05] Invalid data format for AnnualReports: {'data': [{'companyName': 'Star Health and Allied Insurance Company Limited', 'fromYr': '2023', 'toY...
[2025-03-13 23:55:06] Invalid data format for AnnualReports: {'data': [{'companyName': 'Aditya Birla Capital Limited', 'fromYr': '2023', 'toYr': '2024', 'submiss...
[2025-03-13 23:55:07] Invalid data format for AnnualReports: {'data': [{'companyName': 'Paradeep Phosphates Limited', 'fromYr': '2023', 'toYr': '2024', 'submissi...
[2025-03-13 23:55:09] Invalid data format for AnnualReports: {'data': [{'companyName': 'Bajaj Holdings & Investment Limited', 'fromYr': '2023', 'toYr': '2024', '...
[2025-03-13 23:55:11] Invalid data format for AnnualReports: {'data': []}...
[2025-03-13 23:55:12] Invalid data format for AnnualReports: {'data': [{'companyName': 'PNB Housing Finance Limited', 'fromYr': '2023', 'toYr': '2024', 'submissi...
[2025-03-13 23:55:14] Invalid data format for AnnualReports: {'data': [{'companyName': 'Ircon International Limited', 'fromYr': '2023', 'toYr': '2024', 'submissi...
[2025-03-13 23:55:16] Invalid data format for AnnualReports: {'data': [{'companyName': 'Krishna Institute of Medical Sciences Limited', 'fromYr': '2023', 'toYr':...
[2025-03-13 23:55:18] Invalid data format for AnnualReports: {'data': [{'companyName': 'Aditya Birla Fashion and Retail Limited', 'fromYr': '2023', 'toYr': '2024...
[2025-03-13 23:55:20] Invalid data format for AnnualReports: {'data': [{'companyName': 'Poonawalla Fincorp Limited', 'fromYr': '2023', 'toYr': '2024', 'submissio...
[2025-03-13 23:55:22] Invalid data format for AnnualReports: {'data': [{'companyName': 'Greaves Cotton Limited', 'fromYr': '2023', 'toYr': '2024', 'submission_ty...
[2025-03-13 23:55:24] Invalid data format for AnnualReports: {'data': [{'companyName': 'Indegene Limited', 'fromYr': '2023', 'toYr': '2024', 'submission_type': '...
[2025-03-13 23:55:25] Invalid data format for AnnualReports: {'data': [{'companyName': 'Devyani International Limited', 'fromYr': '2023', 'toYr': '2024', 'submis...
[2025-03-13 23:55:27] Invalid data format for AnnualReports: {'data': [{'companyName': 'Motilal Oswal Financial Services Limited', 'fromYr': '2023', 'toYr': '202...
[2025-03-13 23:55:28] Invalid data format for AnnualReports: {'data': [{'companyName': 'Balrampur Chini Mills Limited', 'fromYr': '2023', 'toYr': '2024', 'submis...
[2025-03-13 23:55:30] Invalid data format for AnnualReports: {'data': [{'companyName': 'Archean Chemical Industries Limited', 'fromYr': '2023', 'toYr': '2024', '...
[2025-03-13 23:55:32] Invalid data format for AnnualReports: {'data': [{'companyName': 'Marico Limited', 'fromYr': '2023', 'toYr': '2024', 'submission_type': '-'...
[2025-03-13 23:55:34] Invalid data format for AnnualReports: {'data': [{'companyName': 'Zaggle Prepaid Ocean Services Limited', 'fromYr': '2023', 'toYr': '2024',...
[2025-03-13 23:55:35] Invalid data format for AnnualReports: {'data': [{'companyName': 'Aditya Birla Real Estate Limited', 'fromYr': '2023', 'toYr': '2024', 'sub...
[2025-03-13 23:55:37] Invalid data format for AnnualReports: {'data': [{'companyName': 'DOMS Industries Limited', 'fromYr': '2023', 'toYr': '2024', 'submission_t...
[2025-03-13 23:55:39] Invalid data format for AnnualReports: {'data': [{'companyName': 'Sundaram Finance Limited', 'fromYr': '2023', 'toYr': '2024', 'submission_...
[2025-03-13 23:55:41] Invalid data format for AnnualReports: {'data': [{'companyName': 'PC Jeweller Limited', 'fromYr': '2023', 'toYr': '2024', 'submission_type'...
[2025-03-13 23:55:42] Invalid data format for AnnualReports: {'data': [{'companyName': 'JB Chemicals & Pharmaceuticals Limited', 'fromYr': '2023', 'toYr': '2024'...
[2025-03-13 23:55:44] Invalid data format for AnnualReports: {'data': [{'companyName': 'Embassy Developments Limited', 'fromYr': '2023', 'toYr': '2024', 'submiss...
[2025-03-13 23:55:45] Invalid data format for AnnualReports: {'data': []}...
[2025-03-13 23:55:46] Invalid data format for AnnualReports: {'data': [{'companyName': 'Jindal Saw Limited', 'fromYr': '2023', 'toYr': '2024', 'submission_type':...
[2025-03-13 23:55:49] Invalid data format for AnnualReports: {'data': [{'companyName': 'Jindal Drilling And Industries Limited', 'fromYr': '2023', 'toYr': '2024'...
[2025-03-13 23:55:51] Invalid data format for AnnualReports: {'data': [{'companyName': 'Olectra Greentech Limited', 'fromYr': '2023', 'toYr': '2024', 'submission...
[2025-03-13 23:55:52] Invalid data format for AnnualReports: {'data': [{'companyName': 'Jindal Stainless Limited', 'fromYr': '2023', 'toYr': '2024', 'submission_...
[2025-03-13 23:55:54] Invalid data format for AnnualReports: {'data': [{'companyName': 'Gujarat State Petronet Limited', 'fromYr': '2023', 'toYr': '2024', 'submi...
[2025-03-13 23:55:56] Invalid data format for AnnualReports: {'data': []}...
[2025-03-13 23:55:58] Invalid data format for AnnualReports: {'data': [{'companyName': 'IFCI Limited', 'fromYr': '2023', 'toYr': '2024', 'submission_type': '-', ...
[2025-03-13 23:56:00] Invalid data format for AnnualReports: {'data': [{'companyName': 'JM Financial Limited', 'fromYr': '2023', 'toYr': '2024', 'submission_type...
[2025-03-13 23:56:02] Invalid data format for AnnualReports: {'data': [{'companyName': 'Graphite India Limited', 'fromYr': '2023', 'toYr': '2024', 'submission_ty...
[2025-03-13 23:56:03] Invalid data format for AnnualReports: {'data': [{'companyName': 'Container Corporation of India Limited', 'fromYr': '2023', 'toYr': '2024'...
[2025-03-13 23:56:04] Invalid data format for AnnualReports: {'data': [{'companyName': 'PCBL Chemical Limited', 'fromYr': '2023', 'toYr': '2024', 'submission_typ...
[2025-03-13 23:56:06] Invalid data format for AnnualReports: {'data': [{'companyName': 'Fairchem Organics Limited', 'fromYr': '2023', 'toYr': '2024', 'submission...
[2025-03-13 23:56:08] Invalid data format for AnnualReports: {'data': [{'companyName': 'VA Tech Wabag Limited', 'fromYr': '2023', 'toYr': '2024', 'submission_typ...
[2025-03-13 23:56:09] Invalid data format for AnnualReports: {'data': [{'companyName': 'NBCC (India) Limited', 'fromYr': '2023', 'toYr': '2024', 'submission_type...
[2025-03-13 23:56:11] Invalid data format for AnnualReports: {'data': [{'companyName': 'Gravita India Limited', 'fromYr': '2023', 'toYr': '2024', 'submission_typ...
[2025-03-13 23:56:12] Invalid data format for AnnualReports: {'data': [{'companyName': 'Indraprastha Gas Limited', 'fromYr': '2023', 'toYr': '2024', 'submission_...
[2025-03-13 23:56:14] Invalid data format for AnnualReports: {'data': [{'companyName': 'Bikaji Foods International Limited', 'fromYr': '2023', 'toYr': '2024', 's...
[2025-03-13 23:56:15] Invalid data format for AnnualReports: {'data': [{'companyName': 'Bank of Maharashtra', 'fromYr': '2023', 'toYr': '2024', 'submission_type'...
[2025-03-13 23:56:16] Invalid data format for AnnualReports: {'data': [{'companyName': 'Valor Estate Limited', 'fromYr': '2023', 'toYr': '2024', 'submission_type...
[2025-03-13 23:56:18] Invalid data format for AnnualReports: {'data': [{'companyName': 'Radico Khaitan Limited', 'fromYr': '2023', 'toYr': '2024', 'submission_ty...
[2025-03-13 23:56:19] Invalid data format for AnnualReports: {'data': [{'companyName': 'Rainbow Childrens Medicare Limited', 'fromYr': '2023', 'toYr': '2024', 's...
[2025-03-13 23:56:20] Invalid data format for AnnualReports: {'data': [{'companyName': 'Aegis Logistics Limited', 'fromYr': '2023', 'toYr': '2024', 'submission_t...
[2025-03-13 23:56:21] Invalid data format for AnnualReports: {'data': [{'companyName': 'ITD Cementation India Limited', 'fromYr': '2023', 'toYr': '2024', 'submis...
[2025-03-13 23:56:23] Invalid data format for AnnualReports: {'data': [{'companyName': 'Karur Vysya Bank Limited', 'fromYr': '2023', 'toYr': '2024', 'submission_...
[2025-03-13 23:56:24] Invalid data format for AnnualReports: {'data': [{'companyName': 'Hatsun Agro Product Limited', 'fromYr': '2023', 'toYr': '2024', 'submissi...
[2025-03-13 23:56:27] Invalid data format for AnnualReports: {'data': [{'companyName': 'Alkem Laboratories Limited', 'fromYr': '2023', 'toYr': '2024', 'submissio...
[2025-03-13 23:56:29] Invalid data format for AnnualReports: {'data': [{'companyName': 'Yatharth Hospital & Trauma Care Services Limited', 'fromYr': '2023', 'toY...
[2025-03-13 23:56:30] Invalid data format for AnnualReports: {'data': [{'companyName': 'Deepak Nitrite Limited', 'fromYr': '2023', 'toYr': '2024', 'submission_ty...
[2025-03-13 23:56:31] Invalid data format for AnnualReports: {'data': [{'companyName': 'NLC India Limited', 'fromYr': '2023', 'toYr': '2024', 'submission_type': ...
[2025-03-13 23:56:33] Invalid data format for AnnualReports: {'data': [{'companyName': 'Supreme Industries Limited', 'fromYr': '2023', 'toYr': '2024', 'submissio...
[2025-03-13 23:56:34] Invalid data format for AnnualReports: {'data': [{'companyName': 'Ashoka Buildcon Limited', 'fromYr': '2023', 'toYr': '2024', 'submission_t...
[2025-03-13 23:56:36] Invalid data format for AnnualReports: {'data': [{'companyName': 'Tata Teleservices (Maharashtra) Limited', 'fromYr': '2023', 'toYr': '2024...
[2025-03-13 23:56:37] Invalid data format for AnnualReports: {'data': [{'companyName': 'Indian Energy Exchange Limited', 'fromYr': '2023', 'toYr': '2024', 'submi...
[2025-03-13 23:56:39] Invalid data format for AnnualReports: {'data': [{'companyName': 'PVR INOX Limited', 'fromYr': '2023', 'toYr': '2024', 'submission_type': '...
[2025-03-13 23:56:40] Invalid data format for AnnualReports: {'data': [{'companyName': 'Taj GVK Hotels & Resorts Limited', 'fromYr': '2023', 'toYr': '2024', 'sub...
[2025-03-13 23:56:42] Invalid data format for AnnualReports: {'data': [{'companyName': 'Page Industries Limited', 'fromYr': '2023', 'toYr': '2024', 'submission_t...
[2025-03-13 23:56:44] Invalid data format for AnnualReports: {'data': [{'companyName': 'Railtel Corporation Of India Limited', 'fromYr': '2021', 'toYr': '2022', ...
[2025-03-13 23:56:47] Invalid data format for AnnualReports: {'data': [{'companyName': 'Mrs. Bectors Food Specialities Limited', 'fromYr': '2023', 'toYr': '2024'...
[2025-03-13 23:56:49] Invalid data format for AnnualReports: {'data': [{'companyName': 'PTC India Limited', 'fromYr': '2023', 'toYr': '2024', 'submission_type': ...
[2025-03-13 23:56:50] Invalid data format for AnnualReports: {'data': [{'companyName': 'Cholamandalam Financial Holdings Limited', 'fromYr': '2023', 'toYr': '202...
[2025-03-13 23:56:52] Invalid data format for AnnualReports: {'data': [{'companyName': 'Mastek Limited', 'fromYr': '2023', 'toYr': '2024', 'submission_type': '-'...
[2025-03-13 23:56:54] Invalid data format for AnnualReports: {'data': [{'companyName': 'Cartrade Tech Limited', 'fromYr': '2023', 'toYr': '2024', 'submission_typ...
[2025-03-13 23:56:56] Invalid data format for AnnualReports: {'data': [{'companyName': 'Sonata Software Limited', 'fromYr': '2023', 'toYr': '2024', 'submission_t...
[2025-03-13 23:56:58] Invalid data format for AnnualReports: {'data': [{'companyName': 'CESC Limited', 'fromYr': '2023', 'toYr': '2024', 'submission_type': '-', ...
[2025-03-13 23:56:59] Invalid data format for AnnualReports: {'data': [{'companyName': 'Kirloskar Oil Engines Limited', 'fromYr': '2023', 'toYr': '2024', 'submis...
[2025-03-13 23:57:01] Invalid data format for AnnualReports: {'data': []}...
[2025-03-13 23:57:02] Invalid data format for AnnualReports: {'data': [{'companyName': 'Azad Engineering Limited', 'fromYr': '2023', 'toYr': '2024', 'submission_...
[2025-03-13 23:57:03] Invalid data format for AnnualReports: {'data': [{'companyName': 'SJVN Limited', 'fromYr': '2023', 'toYr': '2024', 'submission_type': '-', ...
[2025-03-13 23:57:05] Invalid data format for AnnualReports: {'data': [{'companyName': 'Ratnamani Metals & Tubes Limited', 'fromYr': '2023', 'toYr': '2024', 'sub...
[2025-03-13 23:57:06] Invalid data format for AnnualReports: {'data': [{'companyName': 'Berger Paints (I) Limited', 'fromYr': '2023', 'toYr': '2024', 'submission...
[2025-03-13 23:57:08] Invalid data format for AnnualReports: {'data': [{'companyName': 'IIFL Finance Limited', 'fromYr': '2023', 'toYr': '2024', 'submission_type...
[2025-03-13 23:57:09] Invalid data format for AnnualReports: {'data': [{'companyName': 'HPL Electric & Power Limited', 'fromYr': '2023', 'toYr': '2024', 'submiss...
[2025-03-13 23:57:11] Invalid data format for AnnualReports: {'data': [{'companyName': 'Elecon Engineering Company Limited', 'fromYr': '2023', 'toYr': '2024', 's...
[2025-03-13 23:57:13] Invalid data format for AnnualReports: {'data': [{'companyName': 'Torrent Power Limited', 'fromYr': '2023', 'toYr': '2024', 'submission_typ...
[2025-03-13 23:57:14] Invalid data format for AnnualReports: {'data': [{'companyName': 'Sudarshan Chemical Industries Limited', 'fromYr': '2023', 'toYr': '2024',...
[2025-03-13 23:57:16] Invalid data format for AnnualReports: {'data': [{'companyName': 'Navin Fluorine International Limited', 'fromYr': '2023', 'toYr': '2024', ...
[2025-03-13 23:57:17] Invalid data format for AnnualReports: {'data': [{'companyName': 'Aster DM Healthcare Limited', 'fromYr': '2023', 'toYr': '2024', 'submissi...
[2025-03-13 23:57:19] Invalid data format for AnnualReports: {'data': [{'companyName': 'Deepak Fertilizers And Petrochemicals Corporation Limited', 'fromYr': '20...
[2025-03-13 23:57:21] Invalid data format for AnnualReports: {'data': [{'companyName': 'Godrej Industries Limited', 'fromYr': '2023', 'toYr': '2024', 'submission...
[2025-03-13 23:57:23] Invalid data format for AnnualReports: {'data': [{'companyName': 'Cyient Limited', 'fromYr': '2023', 'toYr': '2024', 'submission_type': '-'...
[2025-03-13 23:57:25] Invalid data format for AnnualReports: {'data': [{'companyName': 'Man Industries (India) Limited', 'fromYr': '2023', 'toYr': '2024', 'submi...
[2025-03-13 23:57:27] Invalid data format for AnnualReports: {'data': [{'companyName': 'Bharti Hexacom Limited', 'fromYr': '2023', 'toYr': '2024', 'submission_ty...
[2025-03-13 23:57:28] Invalid data format for AnnualReports: {'data': [{'companyName': 'Lemon Tree Hotels Limited', 'fromYr': '2023', 'toYr': '2024', 'submission...
[2025-03-13 23:57:30] Invalid data format for AnnualReports: {'data': [{'companyName': 'Linde India Limited', 'fromYr': '2023', 'toYr': '2024', 'submission_type'...
[2025-03-13 23:57:32] Invalid data format for AnnualReports: {'data': [{'companyName': 'Zydus Lifesciences Limited', 'fromYr': '2023', 'toYr': '2024', 'submissio...
[2025-03-13 23:57:35] Invalid data format for AnnualReports: {'data': [{'companyName': 'Raymond Limited', 'fromYr': '2023', 'toYr': '2024', 'submission_type': '-...
[2025-03-13 23:57:36] Invalid data format for AnnualReports: {'data': [{'companyName': 'Tata Investment Corporation Limited', 'fromYr': '2023', 'toYr': '2024', '...
[2025-03-13 23:57:38] Invalid data format for AnnualReports: {'data': [{'companyName': 'TD Power Systems Limited', 'fromYr': '2023', 'toYr': '2024', 'submission_...
[2025-03-13 23:57:39] Invalid data format for AnnualReports: {'data': [{'companyName': 'L&T Finance Limited', 'fromYr': '2023', 'toYr': '2024', 'submission_type'...
[2025-03-13 23:57:40] Invalid data format for AnnualReports: {'data': [{'companyName': 'Tata Chemicals Limited', 'fromYr': '2023', 'toYr': '2024', 'submission_ty...
[2025-03-13 23:57:43] Invalid data format for AnnualReports: {'data': []}...
[2025-03-13 23:57:44] Invalid data format for AnnualReports: {'data': [{'companyName': 'Rashtriya Chemicals and Fertilizers Limited', 'fromYr': '2023', 'toYr': '...
[2025-03-13 23:57:45] Invalid data format for AnnualReports: {'data': [{'companyName': 'Goldiam International Limited', 'fromYr': '2023', 'toYr': '2024', 'submis...
[2025-03-13 23:57:47] Invalid data format for AnnualReports: {'data': [{'companyName': 'Voltamp Transformers Limited', 'fromYr': '2023', 'toYr': '2024', 'submiss...
[2025-03-13 23:57:49] Invalid data format for AnnualReports: {'data': [{'companyName': 'KPI Green Energy Limited', 'fromYr': '2023', 'toYr': '2024', 'submission_...
[2025-03-13 23:57:50] Invalid data format for AnnualReports: {'data': [{'companyName': 'Syrma SGS Technology Limited', 'fromYr': '2023', 'toYr': '2024', 'submiss...
[2025-03-13 23:57:52] Invalid data format for AnnualReports: {'data': [{'companyName': 'Brigade Enterprises Limited', 'fromYr': '2023', 'toYr': '2024', 'submissi...
[2025-03-13 23:57:53] Invalid data format for AnnualReports: {'data': []}...
[2025-03-13 23:57:56] Invalid data format for AnnualReports: {'data': [{'companyName': 'Syngene International Limited', 'fromYr': '2023', 'toYr': '2024', 'submis...
[2025-03-13 23:57:57] Invalid data format for AnnualReports: {'data': []}...
[2025-03-13 23:58:00] Invalid data format for AnnualReports: {'data': [{'companyName': 'Garware Hi-Tech Films Limited', 'fromYr': '2023', 'toYr': '2024', 'submis...
[2025-03-13 23:58:01] Invalid data format for AnnualReports: {'data': []}...
[2025-03-13 23:58:03] Invalid data format for AnnualReports: {'data': [{'companyName': 'Gensol Engineering Limited', 'fromYr': '2023', 'toYr': '2024', 'submissio...
[2025-03-13 23:58:04] Invalid data format for AnnualReports: {'data': []}...
[2025-03-13 23:58:06] Invalid data format for AnnualReports: {'data': [{'companyName': 'Aarti Industries Limited', 'fromYr': '2023', 'toYr': '2024', 'submission_...
[2025-03-13 23:58:08] Invalid data format for AnnualReports: {'data': [{'companyName': 'Kamat Hotels (I) Limited', 'fromYr': '2023', 'toYr': '2024', 'submission_...
[2025-03-13 23:58:10] Invalid data format for AnnualReports: {'data': [{'companyName': 'Ujjivan Small Finance Bank Limited', 'fromYr': '2023', 'toYr': '2024', 's...
[2025-03-13 23:58:11] Invalid data format for AnnualReports: {'data': [{'companyName': 'Blue Jet Healthcare Limited', 'fromYr': '2023', 'toYr': '2024', 'submissi...
[2025-03-13 23:58:13] Invalid data format for AnnualReports: {'data': [{'companyName': 'Texmaco Rail & Engineering Limited', 'fromYr': '2023', 'toYr': '2024', 's...
[2025-03-13 23:58:15] Invalid data format for AnnualReports: {'data': [{'companyName': 'Himadri Speciality Chemical Limited', 'fromYr': '2023', 'toYr': '2024', '...
[2025-03-13 23:58:17] Invalid data format for AnnualReports: {'data': [{'companyName': 'Piramal Enterprises Limited', 'fromYr': '2023', 'toYr': '2024', 'submissi...
[2025-03-13 23:58:18] Invalid data format for AnnualReports: {'data': [{'companyName': 'FORCE MOTORS LTD', 'fromYr': '2023', 'toYr': '2024', 'submission_type': '...
[2025-03-13 23:58:19] Invalid data format for AnnualReports: {'data': [{'companyName': 'eClerx Services Limited', 'fromYr': '2023', 'toYr': '2024', 'submission_t...
[2025-03-13 23:58:21] Invalid data format for AnnualReports: {'data': [{'companyName': 'Godawari Power And Ispat limited', 'fromYr': '2023', 'toYr': '2024', 'sub...
[2025-03-13 23:58:23] Invalid data format for AnnualReports: {'data': [{'companyName': 'JBM Auto Limited', 'fromYr': '2023', 'toYr': '2024', 'submission_type': '...
[2025-03-13 23:58:25] Invalid data format for AnnualReports: {'data': [{'companyName': 'Orient Cement Limited', 'fromYr': '2023', 'toYr': '2024', 'submission_typ...
[2025-03-13 23:58:27] Invalid data format for AnnualReports: {'data': []}...
[2025-03-13 23:58:29] Invalid data format for AnnualReports: {'data': [{'companyName': 'Network18 Media & Investments Limited', 'fromYr': '2023', 'toYr': '2024',...
[2025-03-13 23:58:31] Invalid data format for AnnualReports: {'data': [{'companyName': 'Thirumalai Chemicals Limited', 'fromYr': '2023', 'toYr': '2024', 'submiss...
[2025-03-13 23:58:33] Invalid data format for AnnualReports: {'data': [{'companyName': 'IDBI Bank Limited', 'fromYr': '2023', 'toYr': '2024', 'submission_type': ...
[2025-03-14 00:00:57] Schema not found for Announcements, skipping...
[2025-03-14 00:00:57] Schema not found for AnnXBRL, skipping...
[2025-03-14 00:00:58] Invalid data format for AnnualReports: {'data': [{'companyName': 'Data Patterns (India) Limited', 'fromYr': '2023', 'toYr': '2024', 'submis...
[2025-03-14 00:01:00] Invalid data format for AnnualReports: {'data': [{'companyName': 'IndusInd Bank Limited', 'fromYr': '2023', 'toYr': '2024', 'submission_typ...
[2025-03-14 00:01:00] Invalid data format for AnnualReports: {'data': [{'companyName': 'BSE Limited', 'fromYr': '2023', 'toYr': '2024', 'submission_type': '-', '...
[2025-03-14 00:01:01] Invalid data format for AnnualReports: {'data': [{'companyName': 'Bharti Airtel Limited', 'fromYr': '2023', 'toYr': '2024', 'submission_typ...
[2025-03-14 00:01:03] Invalid data format for AnnualReports: {'data': [{'companyName': 'HDFC Bank Limited', 'fromYr': '2023', 'toYr': '2024', 'submission_type': ...
[2025-03-14 00:01:50] Schema not found for Announcements, skipping...
[2025-03-14 00:01:50] Schema not found for AnnXBRL, skipping...
[2025-03-14 00:01:51] Invalid data format for AnnualReports: {'data': [{'companyName': 'Data Patterns (India) Limited', 'fromYr': '2023', 'toYr': '2024', 'submis...
[2025-03-14 00:01:53] Invalid data format for AnnualReports: {'data': [{'companyName': 'IndusInd Bank Limited', 'fromYr': '2023', 'toYr': '2024', 'submission_typ...
[2025-03-14 00:01:54] Invalid data format for AnnualReports: {'data': [{'companyName': 'BSE Limited', 'fromYr': '2023', 'toYr': '2024', 'submission_type': '-', '...
[2025-03-14 00:01:55] Invalid data format for AnnualReports: {'data': [{'companyName': 'Bharti Airtel Limited', 'fromYr': '2023', 'toYr': '2024', 'submission_typ...
[2025-03-14 00:01:57] Invalid data format for AnnualReports: {'data': [{'companyName': 'HDFC Bank Limited', 'fromYr': '2023', 'toYr': '2024', 'submission_type': ...
[2025-03-14 00:01:58] Invalid data format for AnnualReports: {'data': [{'companyName': 'Zomato Limited', 'fromYr': '2023', 'toYr': '2024', 'submission_type': '-'...
[2025-03-14 00:02:56] Schema not found for Announcements, skipping...
[2025-03-14 00:02:56] Schema not found for AnnXBRL, skipping...
[2025-03-14 00:04:07] Schema not found for Announcements, skipping...
[2025-03-14 00:04:07] Schema not found for AnnXBRL, skipping...
[2025-03-14 00:04:39] Invalid data format for AnnualReports: {'data': []}...
[2025-03-14 00:04:44] Invalid data format for AnnualReports: {'data': []}...
[2025-03-14 00:05:33] Invalid data format for AnnualReports: {'data': []}...
[2025-03-14 00:06:35] Invalid data format for AnnualReports: {'data': []}...
[2025-03-14 00:06:50] Invalid data format for AnnualReports: {'data': []}...
[2025-03-14 00:07:11] Invalid data format for AnnualReports: {'data': []}...
[2025-03-14 00:07:51] Invalid data format for AnnualReports: {'data': []}...
[2025-03-14 00:07:59] Invalid data format for AnnualReports: {'data': []}...
[2025-03-14 00:08:03] Invalid data format for AnnualReports: {'data': []}...
[2025-03-14 00:08:19] Invalid data format for AnnualReports: {'data': []}...
[2025-03-14 00:09:00] Invalid data format for AnnualReports: {'data': []}...
[2025-03-14 00:09:02] Invalid data format for AnnualReports: {'data': []}...
[2025-03-14 00:09:36] Invalid data format for AnnualReports: {'data': []}...
[2025-03-14 00:09:41] Invalid data format for AnnualReports: {'data': []}...
[2025-03-14 00:09:58] Invalid data format for AnnualReports: {'data': []}...
[2025-03-14 00:10:19] Invalid data format for AnnualReports: {'data': []}...
[2025-03-14 00:10:40] Invalid data format for AnnualReports: {'data': []}...
[2025-03-14 00:11:13] Invalid data format for AnnualReports: {'data': []}...
[2025-03-14 00:11:24] Invalid data format for AnnualReports: {'data': []}...
[2025-03-14 00:11:28] Invalid data format for AnnualReports: {'data': []}...
[2025-03-14 00:11:34] Invalid data format for AnnualReports: {'data': []}...
[2025-03-14 00:11:54] Invalid data format for AnnualReports: {'data': []}...
[2025-03-14 00:12:02] Invalid data format for AnnualReports: {'data': []}...
[2025-03-14 00:12:13] Invalid data format for AnnualReports: {'data': []}...
[2025-03-14 00:12:21] Invalid data format for AnnualReports: {'data': []}...
[2025-03-14 00:12:51] Invalid data format for AnnualReports: {'data': []}...
[2025-03-14 00:13:02] Invalid data format for AnnualReports: {'data': []}...
[2025-03-14 00:14:11] Invalid data format for AnnualReports: {'data': []}...
[2025-03-14 00:14:57] Invalid data format for AnnualReports: {'data': []}...
[2025-03-14 00:15:06] Invalid data format for AnnualReports: {'data': []}...
[2025-03-14 00:15:10] Invalid data format for AnnualReports: {'data': []}...
[2025-03-14 00:15:13] Invalid data format for AnnualReports: {'data': []}...
[2025-03-14 00:15:15] Invalid data format for AnnualReports: {'data': []}...
[2025-03-14 00:15:39] Invalid data format for AnnualReports: {'data': []}...
[2025-03-14 00:15:45] Invalid data format for AnnualReports: {'data': []}...
[2025-03-14 00:15:55] Invalid data format for AnnualReports: {'data': []}...
[2025-03-14 00:16:06] Invalid data format for AnnualReports: {'data': []}...
[2025-03-14 00:16:10] Invalid data format for AnnualReports: {'data': []}...
[2025-03-14 00:16:28] Invalid data format for AnnualReports: {'data': []}...
[2025-03-14 00:16:34] Invalid data format for AnnualReports: {'data': []}...
[2025-03-14 00:16:51] Invalid data format for AnnualReports: {'data': []}...
[2025-03-14 00:17:09] Invalid data format for AnnualReports: {'data': []}...
[2025-03-14 00:17:27] Invalid data format for AnnualReports: {'data': []}...
[2025-03-14 00:17:28] Invalid data format for AnnualReports: {'data': []}...
[2025-03-14 00:17:36] Invalid data format for AnnualReports: {'data': []}...
[2025-03-14 00:17:53] Invalid data format for AnnualReports: {'data': []}...
[2025-03-14 00:18:35] Invalid data format for AnnualReports: {'data': []}...
[2025-03-14 00:18:44] Invalid data format for AnnualReports: {'data': []}...
[2025-03-14 00:18:47] Invalid data format for AnnualReports: {'data': []}...
[2025-03-14 00:19:02] Invalid data format for AnnualReports: {'data': []}...
[2025-03-14 00:19:20] Invalid data format for AnnualReports: {'data': []}...
[2025-03-14 00:19:21] Invalid data format for AnnualReports: {'data': []}...
[2025-03-14 00:20:07] Invalid data format for AnnualReports: {'data': []}...
[2025-03-14 00:20:36] Invalid data format for AnnualReports: {'data': []}...
[2025-03-14 00:21:00] Invalid data format for AnnualReports: {'data': []}...
[2025-03-14 00:21:07] Invalid data format for AnnualReports: {'data': []}...
[2025-03-14 00:21:22] Invalid data format for AnnualReports: {'data': []}...
[2025-03-14 00:21:42] Invalid data format for AnnualReports: {'data': []}...
[2025-03-14 00:21:44] Invalid data format for AnnualReports: {'data': []}...
[2025-03-14 00:21:54] Invalid data format for AnnualReports: {'data': []}...
[2025-03-14 00:21:55] Invalid data format for AnnualReports: {'data': []}...
[2025-03-14 00:22:17] Invalid data format for AnnualReports: {'data': []}...
[2025-03-14 00:22:27] Invalid data format for AnnualReports: {'data': []}...
[2025-03-14 00:22:40] Invalid data format for AnnualReports: {'data': []}...
[2025-03-14 00:22:58] Invalid data format for AnnualReports: {'data': []}...
[2025-03-14 00:23:24] Invalid data format for AnnualReports: {'data': []}...
[2025-03-14 00:23:46] Invalid data format for AnnualReports: {'data': []}...
[2025-03-14 00:24:13] Invalid data format for AnnualReports: {'data': []}...
[2025-03-14 00:24:20] Invalid data format for AnnualReports: {'data': []}...
[2025-03-14 00:24:22] Invalid data format for AnnualReports: {'data': []}...
[2025-03-14 00:24:32] Invalid data format for AnnualReports: {'data': []}...
[2025-03-14 00:24:51] Invalid data format for AnnualReports: {'data': []}...
[2025-03-14 00:25:07] Invalid data format for AnnualReports: {'data': []}...
[2025-03-14 00:25:11] Invalid data format for AnnualReports: {'data': []}...
[2025-03-14 00:25:15] Invalid data format for AnnualReports: {'data': []}...
[2025-03-14 00:25:32] Invalid data format for AnnualReports: {'data': []}...
[2025-03-14 00:25:34] Invalid data format for AnnualReports: {'data': []}...
[2025-03-14 00:26:00] Invalid data format for AnnualReports: {'data': []}...
[2025-03-14 00:26:16] Invalid data format for AnnualReports: {'data': []}...
[2025-03-14 00:26:27] Invalid data format for AnnualReports: {'data': []}...
[2025-03-14 00:26:35] Invalid data format for AnnualReports: {'data': []}...
[2025-03-14 00:26:45] Invalid data format for AnnualReports: {'data': []}...
[2025-03-14 00:27:01] Invalid data format for AnnualReports: {'data': []}...
[2025-03-14 00:27:18] Invalid data format for AnnualReports: {'data': []}...
[2025-03-14 00:27:37] Invalid data format for AnnualReports: {'data': []}...
[2025-03-14 00:27:59] Invalid data format for AnnualReports: {'data': []}...
[2025-03-14 00:28:01] Invalid data format for AnnualReports: {'data': []}...
[2025-03-14 00:28:07] Invalid data format for AnnualReports: {'data': []}...
[2025-03-14 00:28:18] Invalid data format for AnnualReports: {'data': []}...
[2025-03-14 00:28:20] Invalid data format for AnnualReports: {'data': []}...
[2025-03-14 00:28:27] Invalid data format for AnnualReports: {'data': []}...
[2025-03-14 00:28:31] Invalid data format for AnnualReports: {'data': []}...
[2025-03-14 00:28:37] Invalid data format for AnnualReports: {'data': []}...
[2025-03-14 00:29:00] Invalid data format for AnnualReports: {'data': []}...
[2025-03-14 00:29:24] Invalid data format for AnnualReports: {'data': []}...
[2025-03-14 00:30:07] Invalid data format for AnnualReports: {'data': []}...
[2025-03-14 00:30:08] Invalid data format for AnnualReports: {'data': []}...
[2025-03-14 00:30:16] Invalid data format for AnnualReports: {'data': []}...
[2025-03-14 00:30:18] Invalid data format for AnnualReports: {'data': []}...
[2025-03-14 00:30:32] Invalid data format for AnnualReports: {'data': []}...
[2025-03-14 00:30:36] Invalid data format for AnnualReports: {'data': []}...
[2025-03-14 00:31:15] Invalid data format for AnnualReports: {'data': []}...
[2025-03-14 00:31:20] Invalid data format for AnnualReports: {'data': []}...
[2025-03-14 00:31:38] Invalid data format for AnnualReports: {'data': []}...
[2025-03-14 00:31:49] Invalid data format for AnnualReports: {'data': []}...
[2025-03-14 00:32:10] Invalid data format for AnnualReports: {'data': []}...
[2025-03-14 00:32:14] Invalid data format for AnnualReports: {'data': []}...
[2025-03-14 00:32:17] Invalid data format for AnnualReports: {'data': []}...
[2025-03-14 00:32:31] Invalid data format for AnnualReports: {'data': []}...
[2025-03-14 00:32:42] Invalid data format for AnnualReports: {'data': []}...
[2025-03-14 00:32:51] Invalid data format for AnnualReports: {'data': []}...
[2025-03-14 00:33:12] Invalid data format for AnnualReports: {'data': []}...
[2025-03-14 00:33:16] Invalid data format for AnnualReports: {'data': []}...
[2025-03-14 00:33:42] Invalid data format for AnnualReports: {'data': []}...
[2025-03-14 00:33:53] Invalid data format for AnnualReports: {'data': []}...
[2025-03-14 00:33:57] Invalid data format for AnnualReports: {'data': []}...
[2025-03-14 00:34:07] Invalid data format for AnnualReports: {'data': []}...
[2025-03-14 00:34:09] Invalid data format for AnnualReports: {'data': []}...
[2025-03-14 00:34:14] Invalid data format for AnnualReports: {'data': []}...
[2025-03-14 00:34:30] Invalid data format for AnnualReports: {'data': []}...
[2025-03-14 00:34:50] Invalid data format for AnnualReports: {'data': []}...
[2025-03-14 00:34:56] Invalid data format for AnnualReports: {'data': []}...
[2025-03-14 00:34:57] Invalid data format for AnnualReports: {'data': []}...
[2025-03-14 00:34:59] Invalid data format for AnnualReports: {'data': []}...
[2025-03-14 00:35:05] Invalid data format for AnnualReports: {'data': []}...
[2025-03-14 00:35:20] Invalid data format for AnnualReports: {'data': []}...
[2025-03-14 00:35:35] Invalid data format for AnnualReports: {'data': []}...
[2025-03-14 00:35:39] Invalid data format for AnnualReports: {'data': []}...
[2025-03-14 00:35:43] Invalid data format for AnnualReports: {'data': []}...
[2025-03-14 00:35:54] Invalid data format for AnnualReports: {'data': []}...
[2025-03-14 00:36:18] Invalid data format for AnnualReports: {'data': []}...
[2025-03-14 00:36:45] Invalid data format for AnnualReports: {'data': []}...
[2025-03-14 00:36:54] Invalid data format for AnnualReports: {'data': []}...
[2025-03-14 00:37:05] Invalid data format for AnnualReports: {'data': []}...
[2025-03-14 00:37:11] Invalid data format for AnnualReports: {'data': []}...
[2025-03-14 00:37:22] Invalid data format for AnnualReports: {'data': []}...
[2025-03-14 00:37:30] Invalid data format for AnnualReports: {'data': []}...
[2025-03-14 00:37:44] Invalid data format for AnnualReports: {'data': []}...
[2025-03-14 00:37:46] Invalid data format for AnnualReports: {'data': []}...
[2025-03-14 00:37:51] Invalid data format for AnnualReports: {'data': []}...
[2025-03-14 00:37:53] Invalid data format for AnnualReports: {'data': []}...
[2025-03-14 00:38:17] Invalid data format for AnnualReports: {'data': []}...
[2025-03-14 00:38:34] Invalid data format for AnnualReports: {'data': []}...
[2025-03-14 00:38:36] Invalid data format for AnnualReports: {'data': []}...
[2025-03-14 00:38:47] Invalid data format for AnnualReports: {'data': []}...
[2025-03-14 00:38:48] Invalid data format for AnnualReports: {'data': []}...
[2025-03-14 00:38:51] Invalid data format for AnnualReports: {'data': []}...
[2025-03-14 00:38:54] Invalid data format for AnnualReports: {'data': []}...
[2025-03-14 00:38:57] Invalid data format for AnnualReports: {'data': []}...
[2025-03-14 00:39:09] Invalid data format for AnnualReports: {'data': []}...
[2025-03-14 00:39:27] Invalid data format for AnnualReports: {'data': []}...
[2025-03-14 00:39:31] Invalid data format for AnnualReports: {'data': []}...
[2025-03-14 00:40:05] Invalid data format for AnnualReports: {'data': []}...
[2025-03-14 00:40:08] Invalid data format for AnnualReports: {'data': []}...
[2025-03-14 00:40:17] Invalid data format for AnnualReports: {'data': []}...
[2025-03-14 00:40:30] Invalid data format for AnnualReports: {'data': []}...
[2025-03-14 00:40:39] Invalid data format for AnnualReports: {'data': []}...
[2025-03-14 00:40:58] Invalid data format for AnnualReports: {'data': []}...
[2025-03-14 00:41:12] Invalid data format for AnnualReports: {'data': []}...
[2025-03-14 00:41:16] Invalid data format for AnnualReports: {'data': []}...
[2025-03-14 00:41:26] Invalid data format for AnnualReports: {'data': []}...
[2025-03-14 00:41:48] Invalid data format for AnnualReports: {'data': []}...
[2025-03-14 00:42:04] Invalid data format for AnnualReports: {'data': []}...
[2025-03-14 00:42:12] Invalid data format for AnnualReports: {'data': []}...
[2025-03-14 00:42:21] Invalid data format for AnnualReports: {'data': []}...
[2025-03-14 00:42:23] Invalid data format for AnnualReports: {'data': []}...
[2025-03-14 00:42:45] Invalid data format for AnnualReports: {'data': []}...
[2025-03-14 00:42:47] Invalid data format for AnnualReports: {'data': []}...
[2025-03-14 00:42:53] Invalid data format for AnnualReports: {'data': []}...
[2025-03-14 00:43:10] Invalid data format for AnnualReports: {'data': []}...
[2025-03-14 00:43:16] Invalid data format for AnnualReports: {'data': []}...
[2025-03-14 00:43:25] Invalid data format for AnnualReports: {'data': []}...
[2025-03-14 00:43:28] Invalid data format for AnnualReports: {'data': []}...
[2025-03-14 00:43:41] Invalid data format for AnnualReports: {'data': []}...
[2025-03-14 00:43:49] Invalid data format for AnnualReports: {'data': []}...
[2025-03-14 00:43:51] Invalid data format for AnnualReports: {'data': []}...
[2025-03-14 00:44:14] Invalid data format for AnnualReports: {'data': []}...
[2025-03-14 00:44:27] Invalid data format for AnnualReports: {'data': []}...
[2025-03-14 00:44:30] Invalid data format for AnnualReports: {'data': []}...
[2025-03-14 00:44:48] Invalid data format for AnnualReports: {'data': []}...
[2025-03-14 00:44:54] Invalid data format for AnnualReports: {'data': []}...
[2025-03-14 00:44:57] Invalid data format for AnnualReports: {'data': []}...
[2025-03-14 00:45:06] Invalid data format for AnnualReports: {'data': []}...
[2025-03-14 00:45:18] Invalid data format for AnnualReports: {'data': []}...
[2025-03-14 00:45:24] Invalid data format for AnnualReports: {'data': []}...
[2025-03-14 00:45:38] Invalid data format for AnnualReports: {'data': []}...
[2025-03-14 00:45:55] Invalid data format for AnnualReports: {'data': []}...
[2025-03-14 00:46:25] Invalid data format for AnnualReports: {'data': []}...
[2025-03-14 00:46:27] Invalid data format for AnnualReports: {'data': []}...
[2025-03-14 00:46:35] Invalid data format for AnnualReports: {'data': []}...
[2025-03-14 00:46:39] Invalid data format for AnnualReports: {'data': []}...
[2025-03-14 00:47:09] Invalid data format for AnnualReports: {'data': []}...
[2025-03-14 00:47:13] Invalid data format for AnnualReports: {'data': []}...
[2025-03-14 00:47:15] Invalid data format for AnnualReports: {'data': []}...
[2025-03-14 00:47:17] Invalid data format for AnnualReports: {'data': []}...
[2025-03-14 00:47:19] Invalid data format for AnnualReports: {'data': []}...
[2025-03-14 00:47:24] Invalid data format for AnnualReports: {'data': []}...
[2025-03-14 00:47:28] Invalid data format for AnnualReports: {'data': []}...
[2025-03-14 00:47:32] Invalid data format for AnnualReports: {'data': []}...
[2025-03-14 00:47:35] Invalid data format for AnnualReports: {'data': []}...
[2025-03-14 00:47:50] Invalid data format for AnnualReports: {'data': []}...
[2025-03-14 00:47:57] Invalid data format for AnnualReports: {'data': []}...
[2025-03-14 00:47:59] Invalid data format for AnnualReports: {'data': []}...
[2025-03-14 00:48:05] Invalid data format for AnnualReports: {'data': []}...
[2025-03-14 00:48:09] Invalid data format for AnnualReports: {'data': []}...
[2025-03-14 00:48:13] Invalid data format for AnnualReports: {'data': []}...
[2025-03-14 00:48:20] Invalid data format for AnnualReports: {'data': []}...
[2025-03-14 00:48:28] Invalid data format for AnnualReports: {'data': []}...
[2025-03-14 00:48:37] Invalid data format for AnnualReports: {'data': []}...
[2025-03-14 00:48:44] Invalid data format for AnnualReports: {'data': []}...
[2025-03-14 00:49:03] Invalid data format for AnnualReports: {'data': []}...
[2025-03-14 00:49:05] Invalid data format for AnnualReports: {'data': []}...
[2025-03-14 00:49:21] Invalid data format for AnnualReports: {'data': []}...
[2025-03-14 00:49:42] Invalid data format for AnnualReports: {'data': []}...
[2025-03-14 00:49:49] Invalid data format for AnnualReports: {'data': []}...
[2025-03-14 00:49:59] Invalid data format for AnnualReports: {'data': []}...
[2025-03-14 00:50:05] Invalid data format for AnnualReports: {'data': []}...
[2025-03-14 00:50:14] Invalid data format for AnnualReports: {'data': []}...
[2025-03-14 00:50:29] Invalid data format for AnnualReports: {'data': []}...
[2025-03-14 00:50:46] Invalid data format for AnnualReports: {'data': []}...
[2025-03-14 00:50:52] Invalid data format for AnnualReports: {'data': []}...
[2025-03-14 00:50:58] Invalid data format for AnnualReports: {'data': []}...
[2025-03-14 00:51:00] Invalid data format for AnnualReports: {'data': []}...
[2025-03-14 00:51:04] Invalid data format for AnnualReports: {'data': []}...
[2025-03-14 00:51:15] Invalid data format for AnnualReports: {'data': []}...
[2025-03-14 00:51:17] Invalid data format for AnnualReports: {'data': []}...
[2025-03-14 00:51:25] Invalid data format for AnnualReports: {'data': []}...
[2025-03-14 00:51:29] Invalid data format for AnnualReports: {'data': []}...
[2025-03-14 00:51:38] Invalid data format for AnnualReports: {'data': []}...
[2025-03-14 00:51:46] Invalid data format for AnnualReports: {'data': []}...
[2025-03-14 00:51:56] Invalid data format for AnnualReports: {'data': []}...
[2025-03-14 00:52:08] Invalid data format for AnnualReports: {'data': []}...
[2025-03-14 00:52:21] Invalid data format for AnnualReports: {'data': []}...
[2025-03-14 00:52:24] Invalid data format for AnnualReports: {'data': []}...
[2025-03-14 00:52:29] Invalid data format for AnnualReports: {'data': []}...
[2025-03-14 00:52:38] Invalid data format for AnnualReports: {'data': []}...
[2025-03-14 00:52:46] Invalid data format for AnnualReports: {'data': []}...
[2025-03-14 00:55:28] Invalid data format for AnnualReports: {'data': []}...
[2025-03-14 00:55:45] Invalid data format for AnnualReports: {'data': []}...
[2025-03-14 00:55:48] Invalid data format for AnnualReports: {'data': []}...
[2025-03-14 00:55:54] Invalid data format for AnnualReports: {'data': []}...
[2025-03-14 00:56:42] Invalid data format for AnnualReports: {'data': []}...
[2025-03-14 00:56:46] Invalid data format for AnnualReports: {'data': []}...
[2025-03-14 00:56:52] Invalid data format for AnnualReports: {'data': []}...
[2025-03-14 00:56:53] Invalid data format for AnnualReports: {'data': []}...
[2025-03-14 00:56:59] Invalid data format for AnnualReports: {'data': []}...
[2025-03-14 00:57:04] Invalid data format for AnnualReports: {'data': []}...
[2025-03-14 00:58:07] Invalid data format for AnnualReports: {'data': []}...
[2025-03-14 00:58:13] Invalid data format for AnnualReports: {'data': []}...
[2025-03-14 00:58:40] Invalid data format for AnnualReports: {'data': []}...
[2025-03-14 00:58:45] Invalid data format for AnnualReports: {'data': []}...
[2025-03-14 01:00:28] Request error for URL https://www.nseindia.com/api/annual-reports?index=equities&symbol=SALSTEEL: HTTPSConnectionPool(host='www.nseindia.com', port=443): Read timed out. (read timeout=10)
[2025-03-14 01:00:30] Invalid data format for AnnualReports: {'data': []}...
[2025-03-14 01:00:45] Request error for URL https://www.nseindia.com/api/annual-reports?index=equities&symbol=SHANTI: HTTPSConnectionPool(host='www.nseindia.com', port=443): Read timed out. (read timeout=10)
[2025-03-14 01:00:47] Request error for URL https://www.nseindia.com/api/annual-reports?index=equities&symbol=AKSHARCHEM: HTTPSConnectionPool(host='www.nseindia.com', port=443): Max retries exceeded with url: /companies-listing/corporate-filings-insider-trading (Caused by NameResolutionError("<urllib3.connection.HTTPSConnection object at 0x106afa9d0>: Failed to resolve 'www.nseindia.com' ([Errno 8] nodename nor servname provided, or not known)"))
[2025-03-14 01:00:47] Request error for URL https://www.nseindia.com/api/annual-reports?index=equities&symbol=SUPREME: HTTPSConnectionPool(host='www.nseindia.com', port=443): Max retries exceeded with url: /companies-listing/corporate-filings-insider-trading (Caused by NameResolutionError("<urllib3.connection.HTTPSConnection object at 0x106ac3090>: Failed to resolve 'www.nseindia.com' ([Errno 8] nodename nor servname provided, or not known)"))
[2025-03-14 01:01:22] Request error for URL https://www.nseindia.com/api/annual-reports?index=equities&symbol=KILITCH: HTTPSConnectionPool(host='www.nseindia.com', port=443): Max retries exceeded with url: /companies-listing/corporate-filings-insider-trading (Caused by NameResolutionError("<urllib3.connection.HTTPSConnection object at 0x106b07750>: Failed to resolve 'www.nseindia.com' ([Errno 8] nodename nor servname provided, or not known)"))
[2025-03-14 01:01:24] Request error for URL https://www.nseindia.com/api/annual-reports?index=equities&symbol=UTISENSETF: HTTPSConnectionPool(host='www.nseindia.com', port=443): Max retries exceeded with url: /companies-listing/corporate-filings-insider-trading (Caused by NameResolutionError("<urllib3.connection.HTTPSConnection object at 0x106b092d0>: Failed to resolve 'www.nseindia.com' ([Errno 8] nodename nor servname provided, or not known)"))
[2025-03-14 01:01:26] Request error for URL https://www.nseindia.com/api/annual-reports?index=equities&symbol=SILVRETF: HTTPSConnectionPool(host='www.nseindia.com', port=443): Max retries exceeded with url: /companies-listing/corporate-filings-insider-trading (Caused by NameResolutionError("<urllib3.connection.HTTPSConnection object at 0x106b09990>: Failed to resolve 'www.nseindia.com' ([Errno 8] nodename nor servname provided, or not known)"))
[2025-03-14 01:01:27] Request error for URL https://www.nseindia.com/api/annual-reports?index=equities&symbol=IMPAL: HTTPSConnectionPool(host='www.nseindia.com', port=443): Max retries exceeded with url: /companies-listing/corporate-filings-insider-trading (Caused by NameResolutionError("<urllib3.connection.HTTPSConnection object at 0x106b0ae90>: Failed to resolve 'www.nseindia.com' ([Errno 8] nodename nor servname provided, or not known)"))
[2025-03-14 01:01:29] Request error for URL https://www.nseindia.com/api/annual-reports?index=equities&symbol=SMARTLINK: HTTPSConnectionPool(host='www.nseindia.com', port=443): Max retries exceeded with url: /companies-listing/corporate-filings-insider-trading (Caused by NameResolutionError("<urllib3.connection.HTTPSConnection object at 0x106ac0e50>: Failed to resolve 'www.nseindia.com' ([Errno 8] nodename nor servname provided, or not known)"))
[2025-03-14 01:01:29] Request error for URL https://www.nseindia.com/api/annual-reports?index=equities&symbol=ARCHIES: HTTPSConnectionPool(host='www.nseindia.com', port=443): Max retries exceeded with url: /companies-listing/corporate-filings-insider-trading (Caused by NameResolutionError("<urllib3.connection.HTTPSConnection object at 0x106af95d0>: Failed to resolve 'www.nseindia.com' ([Errno 8] nodename nor servname provided, or not known)"))
[2025-03-14 01:01:31] Request error for URL https://www.nseindia.com/api/annual-reports?index=equities&symbol=FIBERWEB: HTTPSConnectionPool(host='www.nseindia.com', port=443): Max retries exceeded with url: /companies-listing/corporate-filings-insider-trading (Caused by NameResolutionError("<urllib3.connection.HTTPSConnection object at 0x106ad8a10>: Failed to resolve 'www.nseindia.com' ([Errno 8] nodename nor servname provided, or not known)"))
[2025-03-14 01:01:32] Request error for URL https://www.nseindia.com/api/annual-reports?index=equities&symbol=AIROLAM: HTTPSConnectionPool(host='www.nseindia.com', port=443): Max retries exceeded with url: /companies-listing/corporate-filings-insider-trading (Caused by NameResolutionError("<urllib3.connection.HTTPSConnection object at 0x106b07790>: Failed to resolve 'www.nseindia.com' ([Errno 8] nodename nor servname provided, or not known)"))
[2025-03-14 01:01:33] Request error for URL https://www.nseindia.com/api/annual-reports?index=equities&symbol=DIGIDRIVE: HTTPSConnectionPool(host='www.nseindia.com', port=443): Max retries exceeded with url: /companies-listing/corporate-filings-insider-trading (Caused by NameResolutionError("<urllib3.connection.HTTPSConnection object at 0x106b05190>: Failed to resolve 'www.nseindia.com' ([Errno 8] nodename nor servname provided, or not known)"))
[2025-03-14 01:01:34] Request error for URL https://www.nseindia.com/api/annual-reports?index=equities&symbol=INDBANK: HTTPSConnectionPool(host='www.nseindia.com', port=443): Max retries exceeded with url: /companies-listing/corporate-filings-insider-trading (Caused by NameResolutionError("<urllib3.connection.HTTPSConnection object at 0x106aea550>: Failed to resolve 'www.nseindia.com' ([Errno 8] nodename nor servname provided, or not known)"))
[2025-03-14 01:01:35] Request error for URL https://www.nseindia.com/api/annual-reports?index=equities&symbol=AONETOTAL: HTTPSConnectionPool(host='www.nseindia.com', port=443): Max retries exceeded with url: /companies-listing/corporate-filings-insider-trading (Caused by NameResolutionError("<urllib3.connection.HTTPSConnection object at 0x106b0b010>: Failed to resolve 'www.nseindia.com' ([Errno 8] nodename nor servname provided, or not known)"))
[2025-03-14 01:01:42] Request error for URL https://www.nseindia.com/api/annual-reports?index=equities&symbol=STEELCITY: HTTPSConnectionPool(host='www.nseindia.com', port=443): Max retries exceeded with url: /companies-listing/corporate-filings-insider-trading (Caused by NameResolutionError("<urllib3.connection.HTTPSConnection object at 0x106ac9210>: Failed to resolve 'www.nseindia.com' ([Errno 8] nodename nor servname provided, or not known)"))
[2025-03-14 01:01:44] Request error for URL https://www.nseindia.com/api/annual-reports?index=equities&symbol=WORTH: HTTPSConnectionPool(host='www.nseindia.com', port=443): Max retries exceeded with url: /companies-listing/corporate-filings-insider-trading (Caused by NameResolutionError("<urllib3.connection.HTTPSConnection object at 0x106aeab50>: Failed to resolve 'www.nseindia.com' ([Errno 8] nodename nor servname provided, or not known)"))
[2025-03-14 01:01:46] Request error for URL https://www.nseindia.com/api/annual-reports?index=equities&symbol=KHAITANLTD: HTTPSConnectionPool(host='www.nseindia.com', port=443): Max retries exceeded with url: /companies-listing/corporate-filings-insider-trading (Caused by NameResolutionError("<urllib3.connection.HTTPSConnection object at 0x106b04390>: Failed to resolve 'www.nseindia.com' ([Errno 8] nodename nor servname provided, or not known)"))
[2025-03-14 01:01:48] Request error for URL https://www.nseindia.com/api/annual-reports?index=equities&symbol=GLOBAL: HTTPSConnectionPool(host='www.nseindia.com', port=443): Max retries exceeded with url: /companies-listing/corporate-filings-insider-trading (Caused by NameResolutionError("<urllib3.connection.HTTPSConnection object at 0x106b070d0>: Failed to resolve 'www.nseindia.com' ([Errno 8] nodename nor servname provided, or not known)"))
[2025-03-14 01:01:50] Request error for URL https://www.nseindia.com/api/annual-reports?index=equities&symbol=MUKTAARTS: HTTPSConnectionPool(host='www.nseindia.com', port=443): Max retries exceeded with url: /companies-listing/corporate-filings-insider-trading (Caused by NameResolutionError("<urllib3.connection.HTTPSConnection object at 0x106b06350>: Failed to resolve 'www.nseindia.com' ([Errno 8] nodename nor servname provided, or not known)"))
[2025-03-14 01:01:50] Request error for URL https://www.nseindia.com/api/annual-reports?index=equities&symbol=NIFTYBETF: HTTPSConnectionPool(host='www.nseindia.com', port=443): Max retries exceeded with url: /companies-listing/corporate-filings-insider-trading (Caused by NameResolutionError("<urllib3.connection.HTTPSConnection object at 0x106b05cd0>: Failed to resolve 'www.nseindia.com' ([Errno 8] nodename nor servname provided, or not known)"))
[2025-03-14 01:01:51] Request error for URL https://www.nseindia.com/api/annual-reports?index=equities&symbol=HEXATRADEX: HTTPSConnectionPool(host='www.nseindia.com', port=443): Max retries exceeded with url: /companies-listing/corporate-filings-insider-trading (Caused by NameResolutionError("<urllib3.connection.HTTPSConnection object at 0x106afb390>: Failed to resolve 'www.nseindia.com' ([Errno 8] nodename nor servname provided, or not known)"))
[2025-03-14 01:01:52] Request error for URL https://www.nseindia.com/api/annual-reports?index=equities&symbol=CORALFINAC: HTTPSConnectionPool(host='www.nseindia.com', port=443): Max retries exceeded with url: /companies-listing/corporate-filings-insider-trading (Caused by NameResolutionError("<urllib3.connection.HTTPSConnection object at 0x106af97d0>: Failed to resolve 'www.nseindia.com' ([Errno 8] nodename nor servname provided, or not known)"))
[2025-03-14 01:01:54] Request error for URL https://www.nseindia.com/api/annual-reports?index=equities&symbol=HISARMETAL: HTTPSConnectionPool(host='www.nseindia.com', port=443): Max retries exceeded with url: /companies-listing/corporate-filings-insider-trading (Caused by NameResolutionError("<urllib3.connection.HTTPSConnection object at 0x106adae10>: Failed to resolve 'www.nseindia.com' ([Errno 8] nodename nor servname provided, or not known)"))
[2025-03-14 01:01:56] Request error for URL https://www.nseindia.com/api/annual-reports?index=equities&symbol=BALPHARMA: HTTPSConnectionPool(host='www.nseindia.com', port=443): Max retries exceeded with url: /companies-listing/corporate-filings-insider-trading (Caused by NameResolutionError("<urllib3.connection.HTTPSConnection object at 0x104e604d0>: Failed to resolve 'www.nseindia.com' ([Errno 8] nodename nor servname provided, or not known)"))
[2025-03-14 01:01:56] Request error for URL https://www.nseindia.com/api/annual-reports?index=equities&symbol=BSHSL: HTTPSConnectionPool(host='www.nseindia.com', port=443): Max retries exceeded with url: /companies-listing/corporate-filings-insider-trading (Caused by NameResolutionError("<urllib3.connection.HTTPSConnection object at 0x106b09010>: Failed to resolve 'www.nseindia.com' ([Errno 8] nodename nor servname provided, or not known)"))
[2025-03-14 01:01:57] Request error for URL https://www.nseindia.com/api/annual-reports?index=equities&symbol=BALKRISHNA: HTTPSConnectionPool(host='www.nseindia.com', port=443): Max retries exceeded with url: /companies-listing/corporate-filings-insider-trading (Caused by NameResolutionError("<urllib3.connection.HTTPSConnection object at 0x106b24050>: Failed to resolve 'www.nseindia.com' ([Errno 8] nodename nor servname provided, or not known)"))
[2025-03-14 01:01:59] Request error for URL https://www.nseindia.com/api/annual-reports?index=equities&symbol=PEARLPOLY: HTTPSConnectionPool(host='www.nseindia.com', port=443): Max retries exceeded with url: /companies-listing/corporate-filings-insider-trading (Caused by NameResolutionError("<urllib3.connection.HTTPSConnection object at 0x105be1950>: Failed to resolve 'www.nseindia.com' ([Errno 8] nodename nor servname provided, or not known)"))
[2025-03-14 01:02:00] Request error for URL https://www.nseindia.com/api/annual-reports?index=equities&symbol=PRAKASHSTL: HTTPSConnectionPool(host='www.nseindia.com', port=443): Max retries exceeded with url: /companies-listing/corporate-filings-insider-trading (Caused by NameResolutionError("<urllib3.connection.HTTPSConnection object at 0x106af9590>: Failed to resolve 'www.nseindia.com' ([Errno 8] nodename nor servname provided, or not known)"))
[2025-03-14 01:02:02] Request error for URL https://www.nseindia.com/api/annual-reports?index=equities&symbol=AARVI: HTTPSConnectionPool(host='www.nseindia.com', port=443): Max retries exceeded with url: /companies-listing/corporate-filings-insider-trading (Caused by NameResolutionError("<urllib3.connection.HTTPSConnection object at 0x106b06ed0>: Failed to resolve 'www.nseindia.com' ([Errno 8] nodename nor servname provided, or not known)"))
[2025-03-14 01:02:03] Request error for URL https://www.nseindia.com/api/annual-reports?index=equities&symbol=ANIKINDS: HTTPSConnectionPool(host='www.nseindia.com', port=443): Max retries exceeded with url: /companies-listing/corporate-filings-insider-trading (Caused by NameResolutionError("<urllib3.connection.HTTPSConnection object at 0x106b049d0>: Failed to resolve 'www.nseindia.com' ([Errno 8] nodename nor servname provided, or not known)"))
[2025-03-14 01:02:04] Request error for URL https://www.nseindia.com/api/annual-reports?index=equities&symbol=GOKUL: HTTPSConnectionPool(host='www.nseindia.com', port=443): Max retries exceeded with url: /companies-listing/corporate-filings-insider-trading (Caused by NameResolutionError("<urllib3.connection.HTTPSConnection object at 0x106ac1150>: Failed to resolve 'www.nseindia.com' ([Errno 8] nodename nor servname provided, or not known)"))
[2025-03-14 01:02:05] Request error for URL https://www.nseindia.com/api/annual-reports?index=equities&symbol=PTL: HTTPSConnectionPool(host='www.nseindia.com', port=443): Max retries exceeded with url: /companies-listing/corporate-filings-insider-trading (Caused by NameResolutionError("<urllib3.connection.HTTPSConnection object at 0x106ad8690>: Failed to resolve 'www.nseindia.com' ([Errno 8] nodename nor servname provided, or not known)"))
[2025-03-14 01:02:06] Request error for URL https://www.nseindia.com/api/annual-reports?index=equities&symbol=BIOFILCHEM: HTTPSConnectionPool(host='www.nseindia.com', port=443): Max retries exceeded with url: /companies-listing/corporate-filings-insider-trading (Caused by NameResolutionError("<urllib3.connection.HTTPSConnection object at 0x106ae9f90>: Failed to resolve 'www.nseindia.com' ([Errno 8] nodename nor servname provided, or not known)"))
[2025-03-14 01:02:07] Request error for URL https://www.nseindia.com/api/annual-reports?index=equities&symbol=CENTEXT: HTTPSConnectionPool(host='www.nseindia.com', port=443): Max retries exceeded with url: /companies-listing/corporate-filings-insider-trading (Caused by NameResolutionError("<urllib3.connection.HTTPSConnection object at 0x106ad9890>: Failed to resolve 'www.nseindia.com' ([Errno 8] nodename nor servname provided, or not known)"))
[2025-03-14 01:03:20] Request error for URL https://www.nseindia.com/api/annual-reports?index=equities&symbol=MAHAPEXLTD: HTTPSConnectionPool(host='www.nseindia.com', port=443): Max retries exceeded with url: /companies-listing/corporate-filings-insider-trading (Caused by NameResolutionError("<urllib3.connection.HTTPSConnection object at 0x105c44d10>: Failed to resolve 'www.nseindia.com' ([Errno 8] nodename nor servname provided, or not known)"))
[2025-03-14 01:03:22] Request error for URL https://www.nseindia.com/api/annual-reports?index=equities&symbol=SIGIND: HTTPSConnectionPool(host='www.nseindia.com', port=443): Max retries exceeded with url: /companies-listing/corporate-filings-insider-trading (Caused by NameResolutionError("<urllib3.connection.HTTPSConnection object at 0x106ae9250>: Failed to resolve 'www.nseindia.com' ([Errno 8] nodename nor servname provided, or not known)"))
[2025-03-14 01:03:24] Request error for URL https://www.nseindia.com/api/annual-reports?index=equities&symbol=THEINVEST: HTTPSConnectionPool(host='www.nseindia.com', port=443): Max retries exceeded with url: /companies-listing/corporate-filings-insider-trading (Caused by NameResolutionError("<urllib3.connection.HTTPSConnection object at 0x106ac86d0>: Failed to resolve 'www.nseindia.com' ([Errno 8] nodename nor servname provided, or not known)"))
[2025-03-14 01:03:26] Request error for URL https://www.nseindia.com/api/annual-reports?index=equities&symbol=NDLVENTURE: HTTPSConnectionPool(host='www.nseindia.com', port=443): Max retries exceeded with url: /companies-listing/corporate-filings-insider-trading (Caused by NameResolutionError("<urllib3.connection.HTTPSConnection object at 0x106b09290>: Failed to resolve 'www.nseindia.com' ([Errno 8] nodename nor servname provided, or not known)"))
[2025-03-14 01:03:28] Request error for URL https://www.nseindia.com/api/annual-reports?index=equities&symbol=NPBET: HTTPSConnectionPool(host='www.nseindia.com', port=443): Max retries exceeded with url: /companies-listing/corporate-filings-insider-trading (Caused by NameResolutionError("<urllib3.connection.HTTPSConnection object at 0x106b09c10>: Failed to resolve 'www.nseindia.com' ([Errno 8] nodename nor servname provided, or not known)"))
[2025-03-14 01:03:29] Request error for URL https://www.nseindia.com/api/annual-reports?index=equities&symbol=SAHYADRI: HTTPSConnectionPool(host='www.nseindia.com', port=443): Max retries exceeded with url: /companies-listing/corporate-filings-insider-trading (Caused by NameResolutionError("<urllib3.connection.HTTPSConnection object at 0x105311110>: Failed to resolve 'www.nseindia.com' ([Errno 8] nodename nor servname provided, or not known)"))
[2025-03-14 01:03:31] Request error for URL https://www.nseindia.com/api/annual-reports?index=equities&symbol=IVZINGOLD: HTTPSConnectionPool(host='www.nseindia.com', port=443): Max retries exceeded with url: /companies-listing/corporate-filings-insider-trading (Caused by NameResolutionError("<urllib3.connection.HTTPSConnection object at 0x106b08bd0>: Failed to resolve 'www.nseindia.com' ([Errno 8] nodename nor servname provided, or not known)"))
[2025-03-14 01:03:32] Request error for URL https://www.nseindia.com/api/annual-reports?index=equities&symbol=UYFINCORP: HTTPSConnectionPool(host='www.nseindia.com', port=443): Max retries exceeded with url: /companies-listing/corporate-filings-insider-trading (Caused by NameResolutionError("<urllib3.connection.HTTPSConnection object at 0x106b09290>: Failed to resolve 'www.nseindia.com' ([Errno 8] nodename nor servname provided, or not known)"))
[2025-03-14 01:03:33] Request error for URL https://www.nseindia.com/api/annual-reports?index=equities&symbol=SEJALLTD: HTTPSConnectionPool(host='www.nseindia.com', port=443): Max retries exceeded with url: /companies-listing/corporate-filings-insider-trading (Caused by NameResolutionError("<urllib3.connection.HTTPSConnection object at 0x105c363d0>: Failed to resolve 'www.nseindia.com' ([Errno 8] nodename nor servname provided, or not known)"))
[2025-03-14 01:03:34] Request error for URL https://www.nseindia.com/api/annual-reports?index=equities&symbol=WELINV: HTTPSConnectionPool(host='www.nseindia.com', port=443): Max retries exceeded with url: /companies-listing/corporate-filings-insider-trading (Caused by NameResolutionError("<urllib3.connection.HTTPSConnection object at 0x106acb190>: Failed to resolve 'www.nseindia.com' ([Errno 8] nodename nor servname provided, or not known)"))
[2025-03-14 01:03:35] Request error for URL https://www.nseindia.com/api/annual-reports?index=equities&symbol=HEALTHY: HTTPSConnectionPool(host='www.nseindia.com', port=443): Max retries exceeded with url: /companies-listing/corporate-filings-insider-trading (Caused by NameResolutionError("<urllib3.connection.HTTPSConnection object at 0x106ae87d0>: Failed to resolve 'www.nseindia.com' ([Errno 8] nodename nor servname provided, or not known)"))
[2025-03-14 01:03:36] Request error for URL https://www.nseindia.com/api/annual-reports?index=equities&symbol=BBTCL: HTTPSConnectionPool(host='www.nseindia.com', port=443): Max retries exceeded with url: /companies-listing/corporate-filings-insider-trading (Caused by NameResolutionError("<urllib3.connection.HTTPSConnection object at 0x105a29b90>: Failed to resolve 'www.nseindia.com' ([Errno 8] nodename nor servname provided, or not known)"))
[2025-03-14 01:03:37] Request error for URL https://www.nseindia.com/api/annual-reports?index=equities&symbol=SECURKLOUD: HTTPSConnectionPool(host='www.nseindia.com', port=443): Max retries exceeded with url: /companies-listing/corporate-filings-insider-trading (Caused by NameResolutionError("<urllib3.connection.HTTPSConnection object at 0x106af9490>: Failed to resolve 'www.nseindia.com' ([Errno 8] nodename nor servname provided, or not known)"))
[2025-03-14 01:03:38] Request error for URL https://www.nseindia.com/api/annual-reports?index=equities&symbol=CONSUMER: HTTPSConnectionPool(host='www.nseindia.com', port=443): Max retries exceeded with url: /companies-listing/corporate-filings-insider-trading (Caused by NameResolutionError("<urllib3.connection.HTTPSConnection object at 0x106b04790>: Failed to resolve 'www.nseindia.com' ([Errno 8] nodename nor servname provided, or not known)"))
[2025-03-14 01:03:39] Request error for URL https://www.nseindia.com/api/annual-reports?index=equities&symbol=RELCHEMQ: HTTPSConnectionPool(host='www.nseindia.com', port=443): Max retries exceeded with url: /companies-listing/corporate-filings-insider-trading (Caused by NameResolutionError("<urllib3.connection.HTTPSConnection object at 0x105a38150>: Failed to resolve 'www.nseindia.com' ([Errno 8] nodename nor servname provided, or not known)"))
[2025-03-14 01:03:40] Request error for URL https://www.nseindia.com/api/annual-reports?index=equities&symbol=BLBLIMITED: HTTPSConnectionPool(host='www.nseindia.com', port=443): Max retries exceeded with url: /companies-listing/corporate-filings-insider-trading (Caused by NameResolutionError("<urllib3.connection.HTTPSConnection object at 0x1053116d0>: Failed to resolve 'www.nseindia.com' ([Errno 8] nodename nor servname provided, or not known)"))
[2025-03-14 01:03:41] Request error for URL https://www.nseindia.com/api/annual-reports?index=equities&symbol=AROGRANITE: HTTPSConnectionPool(host='www.nseindia.com', port=443): Max retries exceeded with url: /companies-listing/corporate-filings-insider-trading (Caused by NameResolutionError("<urllib3.connection.HTTPSConnection object at 0x1053053d0>: Failed to resolve 'www.nseindia.com' ([Errno 8] nodename nor servname provided, or not known)"))
[2025-03-14 01:03:43] Request error for URL https://www.nseindia.com/api/annual-reports?index=equities&symbol=SILINV: HTTPSConnectionPool(host='www.nseindia.com', port=443): Max retries exceeded with url: /companies-listing/corporate-filings-insider-trading (Caused by NameResolutionError("<urllib3.connection.HTTPSConnection object at 0x105307b90>: Failed to resolve 'www.nseindia.com' ([Errno 8] nodename nor servname provided, or not known)"))
[2025-03-14 01:03:44] Request error for URL https://www.nseindia.com/api/annual-reports?index=equities&symbol=PPAP: HTTPSConnectionPool(host='www.nseindia.com', port=443): Max retries exceeded with url: /companies-listing/corporate-filings-insider-trading (Caused by NameResolutionError("<urllib3.connection.HTTPSConnection object at 0x106ad8bd0>: Failed to resolve 'www.nseindia.com' ([Errno 8] nodename nor servname provided, or not known)"))
[2025-03-14 01:03:45] Request error for URL https://www.nseindia.com/api/annual-reports?index=equities&symbol=BVCL: HTTPSConnectionPool(host='www.nseindia.com', port=443): Max retries exceeded with url: /companies-listing/corporate-filings-insider-trading (Caused by NameResolutionError("<urllib3.connection.HTTPSConnection object at 0x106ade550>: Failed to resolve 'www.nseindia.com' ([Errno 8] nodename nor servname provided, or not known)"))
[2025-03-14 01:03:52] Request error for URL https://www.nseindia.com/api/annual-reports?index=equities&symbol=BRNL: HTTPSConnectionPool(host='www.nseindia.com', port=443): Max retries exceeded with url: /companies-listing/corporate-filings-insider-trading (Caused by NameResolutionError("<urllib3.connection.HTTPSConnection object at 0x106aeb810>: Failed to resolve 'www.nseindia.com' ([Errno 8] nodename nor servname provided, or not known)"))
[2025-03-14 01:03:53] Request error for URL https://www.nseindia.com/api/annual-reports?index=equities&symbol=KANPRPLA: HTTPSConnectionPool(host='www.nseindia.com', port=443): Max retries exceeded with url: /companies-listing/corporate-filings-insider-trading (Caused by NameResolutionError("<urllib3.connection.HTTPSConnection object at 0x106acb250>: Failed to resolve 'www.nseindia.com' ([Errno 8] nodename nor servname provided, or not known)"))
[2025-03-14 01:03:55] Request error for URL https://www.nseindia.com/api/annual-reports?index=equities&symbol=NIFTYQLITY: HTTPSConnectionPool(host='www.nseindia.com', port=443): Max retries exceeded with url: /companies-listing/corporate-filings-insider-trading (Caused by NameResolutionError("<urllib3.connection.HTTPSConnection object at 0x105310f90>: Failed to resolve 'www.nseindia.com' ([Errno 8] nodename nor servname provided, or not known)"))
[2025-03-14 01:03:55] Request error for URL https://www.nseindia.com/api/annual-reports?index=equities&symbol=ABSLPSE: HTTPSConnectionPool(host='www.nseindia.com', port=443): Max retries exceeded with url: /companies-listing/corporate-filings-insider-trading (Caused by NameResolutionError("<urllib3.connection.HTTPSConnection object at 0x106b0a610>: Failed to resolve 'www.nseindia.com' ([Errno 8] nodename nor servname provided, or not known)"))
[2025-03-14 01:03:57] Request error for URL https://www.nseindia.com/api/annual-reports?index=equities&symbol=SHAHALLOYS: HTTPSConnectionPool(host='www.nseindia.com', port=443): Max retries exceeded with url: /companies-listing/corporate-filings-insider-trading (Caused by NameResolutionError("<urllib3.connection.HTTPSConnection object at 0x106b0bc10>: Failed to resolve 'www.nseindia.com' ([Errno 8] nodename nor servname provided, or not known)"))
[2025-03-14 01:03:58] Request error for URL https://www.nseindia.com/api/annual-reports?index=equities&symbol=RAMAPHO: HTTPSConnectionPool(host='www.nseindia.com', port=443): Max retries exceeded with url: /companies-listing/corporate-filings-insider-trading (Caused by NameResolutionError("<urllib3.connection.HTTPSConnection object at 0x105306390>: Failed to resolve 'www.nseindia.com' ([Errno 8] nodename nor servname provided, or not known)"))
[2025-03-14 01:03:59] Request error for URL https://www.nseindia.com/api/annual-reports?index=equities&symbol=SHIVATEX: HTTPSConnectionPool(host='www.nseindia.com', port=443): Max retries exceeded with url: /companies-listing/corporate-filings-insider-trading (Caused by NameResolutionError("<urllib3.connection.HTTPSConnection object at 0x105305210>: Failed to resolve 'www.nseindia.com' ([Errno 8] nodename nor servname provided, or not known)"))
[2025-03-14 01:04:01] Request error for URL https://www.nseindia.com/api/annual-reports?index=equities&symbol=SHRENIK: HTTPSConnectionPool(host='www.nseindia.com', port=443): Max retries exceeded with url: /companies-listing/corporate-filings-insider-trading (Caused by NameResolutionError("<urllib3.connection.HTTPSConnection object at 0x1052dfc90>: Failed to resolve 'www.nseindia.com' ([Errno 8] nodename nor servname provided, or not known)"))
[2025-03-14 01:04:03] Request error for URL https://www.nseindia.com/api/annual-reports?index=equities&symbol=AMJLAND: HTTPSConnectionPool(host='www.nseindia.com', port=443): Max retries exceeded with url: /companies-listing/corporate-filings-insider-trading (Caused by NameResolutionError("<urllib3.connection.HTTPSConnection object at 0x105bf1690>: Failed to resolve 'www.nseindia.com' ([Errno 8] nodename nor servname provided, or not known)"))
[2025-03-14 01:04:05] Request error for URL https://www.nseindia.com/api/annual-reports?index=equities&symbol=DANGEE: HTTPSConnectionPool(host='www.nseindia.com', port=443): Max retries exceeded with url: /companies-listing/corporate-filings-insider-trading (Caused by NameResolutionError("<urllib3.connection.HTTPSConnection object at 0x106acab10>: Failed to resolve 'www.nseindia.com' ([Errno 8] nodename nor servname provided, or not known)"))
[2025-03-14 01:04:05] Request error for URL https://www.nseindia.com/api/annual-reports?index=equities&symbol=MANOMAY: HTTPSConnectionPool(host='www.nseindia.com', port=443): Max retries exceeded with url: /companies-listing/corporate-filings-insider-trading (Caused by NameResolutionError("<urllib3.connection.HTTPSConnection object at 0x106aebb10>: Failed to resolve 'www.nseindia.com' ([Errno 8] nodename nor servname provided, or not known)"))
[2025-03-14 01:05:00] Request error for URL https://www.nseindia.com/api/annual-reports?index=equities&symbol=MALUPAPER: HTTPSConnectionPool(host='www.nseindia.com', port=443): Max retries exceeded with url: /companies-listing/corporate-filings-insider-trading (Caused by NameResolutionError("<urllib3.connection.HTTPSConnection object at 0x106b0af10>: Failed to resolve 'www.nseindia.com' ([Errno 8] nodename nor servname provided, or not known)"))
[2025-03-14 01:05:01] Request error for URL https://www.nseindia.com/api/annual-reports?index=equities&symbol=AGROPHOS: HTTPSConnectionPool(host='www.nseindia.com', port=443): Max retries exceeded with url: /companies-listing/corporate-filings-insider-trading (Caused by NameResolutionError("<urllib3.connection.HTTPSConnection object at 0x106b0a110>: Failed to resolve 'www.nseindia.com' ([Errno 8] nodename nor servname provided, or not known)"))
[2025-03-14 01:05:02] Request error for URL https://www.nseindia.com/api/annual-reports?index=equities&symbol=HINDCOMPOS: HTTPSConnectionPool(host='www.nseindia.com', port=443): Max retries exceeded with url: /companies-listing/corporate-filings-insider-trading (Caused by NameResolutionError("<urllib3.connection.HTTPSConnection object at 0x106af9350>: Failed to resolve 'www.nseindia.com' ([Errno 8] nodename nor servname provided, or not known)"))
[2025-03-14 01:05:03] Request error for URL https://www.nseindia.com/api/annual-reports?index=equities&symbol=UNITEDTEA: HTTPSConnectionPool(host='www.nseindia.com', port=443): Max retries exceeded with url: /companies-listing/corporate-filings-insider-trading (Caused by NameResolutionError("<urllib3.connection.HTTPSConnection object at 0x106b06590>: Failed to resolve 'www.nseindia.com' ([Errno 8] nodename nor servname provided, or not known)"))
[2025-03-14 01:05:04] Request error for URL https://www.nseindia.com/api/annual-reports?index=equities&symbol=PARASPETRO: HTTPSConnectionPool(host='www.nseindia.com', port=443): Max retries exceeded with url: /companies-listing/corporate-filings-insider-trading (Caused by NameResolutionError("<urllib3.connection.HTTPSConnection object at 0x106b05ed0>: Failed to resolve 'www.nseindia.com' ([Errno 8] nodename nor servname provided, or not known)"))
[2025-03-14 01:05:05] Request error for URL https://www.nseindia.com/api/annual-reports?index=equities&symbol=EQUAL50ADD: HTTPSConnectionPool(host='www.nseindia.com', port=443): Max retries exceeded with url: /companies-listing/corporate-filings-insider-trading (Caused by NameResolutionError("<urllib3.connection.HTTPSConnection object at 0x105a38410>: Failed to resolve 'www.nseindia.com' ([Errno 8] nodename nor servname provided, or not known)"))
[2025-03-14 01:05:07] Request error for URL https://www.nseindia.com/api/annual-reports?index=equities&symbol=HDFCPVTBAN: HTTPSConnectionPool(host='www.nseindia.com', port=443): Max retries exceeded with url: /companies-listing/corporate-filings-insider-trading (Caused by NameResolutionError("<urllib3.connection.HTTPSConnection object at 0x105310f50>: Failed to resolve 'www.nseindia.com' ([Errno 8] nodename nor servname provided, or not known)"))
[2025-03-14 01:05:08] Request error for URL https://www.nseindia.com/api/annual-reports?index=equities&symbol=MOMENTUM: HTTPSConnectionPool(host='www.nseindia.com', port=443): Max retries exceeded with url: /companies-listing/corporate-filings-insider-trading (Caused by NameResolutionError("<urllib3.connection.HTTPSConnection object at 0x105304fd0>: Failed to resolve 'www.nseindia.com' ([Errno 8] nodename nor servname provided, or not known)"))
[2025-03-14 01:05:08] Request error for URL https://www.nseindia.com/api/annual-reports?index=equities&symbol=GANGAFORGE: HTTPSConnectionPool(host='www.nseindia.com', port=443): Max retries exceeded with url: /companies-listing/corporate-filings-insider-trading (Caused by NameResolutionError("<urllib3.connection.HTTPSConnection object at 0x105305c10>: Failed to resolve 'www.nseindia.com' ([Errno 8] nodename nor servname provided, or not known)"))
[2025-03-14 01:05:16] Request error for URL https://www.nseindia.com/api/annual-reports?index=equities&symbol=GEECEE: HTTPSConnectionPool(host='www.nseindia.com', port=443): Max retries exceeded with url: /companies-listing/corporate-filings-insider-trading (Caused by NameResolutionError("<urllib3.connection.HTTPSConnection object at 0x106b05450>: Failed to resolve 'www.nseindia.com' ([Errno 8] nodename nor servname provided, or not known)"))
[2025-03-14 01:05:17] Request error for URL https://www.nseindia.com/api/annual-reports?index=equities&symbol=NAGREEKEXP: HTTPSConnectionPool(host='www.nseindia.com', port=443): Max retries exceeded with url: /companies-listing/corporate-filings-insider-trading (Caused by NameResolutionError("<urllib3.connection.HTTPSConnection object at 0x105c477d0>: Failed to resolve 'www.nseindia.com' ([Errno 8] nodename nor servname provided, or not known)"))
[2025-03-14 01:05:19] Request error for URL https://www.nseindia.com/api/annual-reports?index=equities&symbol=HDFCNIF100: HTTPSConnectionPool(host='www.nseindia.com', port=443): Max retries exceeded with url: /companies-listing/corporate-filings-insider-trading (Caused by NameResolutionError("<urllib3.connection.HTTPSConnection object at 0x106afa3d0>: Failed to resolve 'www.nseindia.com' ([Errno 8] nodename nor servname provided, or not known)"))
[2025-03-14 01:05:21] Request error for URL https://www.nseindia.com/api/annual-reports?index=equities&symbol=LAGNAM: HTTPSConnectionPool(host='www.nseindia.com', port=443): Max retries exceeded with url: /companies-listing/corporate-filings-insider-trading (Caused by NameResolutionError("<urllib3.connection.HTTPSConnection object at 0x106b0b9d0>: Failed to resolve 'www.nseindia.com' ([Errno 8] nodename nor servname provided, or not known)"))
[2025-03-14 01:05:23] Request error for URL https://www.nseindia.com/api/annual-reports?index=equities&symbol=LEXUS: HTTPSConnectionPool(host='www.nseindia.com', port=443): Max retries exceeded with url: /companies-listing/corporate-filings-insider-trading (Caused by NameResolutionError("<urllib3.connection.HTTPSConnection object at 0x106aea8d0>: Failed to resolve 'www.nseindia.com' ([Errno 8] nodename nor servname provided, or not known)"))
[2025-03-14 01:05:25] Request error for URL https://www.nseindia.com/api/annual-reports?index=equities&symbol=PALASHSECU: HTTPSConnectionPool(host='www.nseindia.com', port=443): Max retries exceeded with url: /companies-listing/corporate-filings-insider-trading (Caused by NameResolutionError("<urllib3.connection.HTTPSConnection object at 0x106ac9590>: Failed to resolve 'www.nseindia.com' ([Errno 8] nodename nor servname provided, or not known)"))
[2025-03-14 01:05:27] Request error for URL https://www.nseindia.com/api/annual-reports?index=equities&symbol=ASTRON: HTTPSConnectionPool(host='www.nseindia.com', port=443): Max retries exceeded with url: /companies-listing/corporate-filings-insider-trading (Caused by NameResolutionError("<urllib3.connection.HTTPSConnection object at 0x105c34550>: Failed to resolve 'www.nseindia.com' ([Errno 8] nodename nor servname provided, or not known)"))
[2025-03-14 01:05:28] Request error for URL https://www.nseindia.com/api/annual-reports?index=equities&symbol=DTIL: HTTPSConnectionPool(host='www.nseindia.com', port=443): Max retries exceeded with url: /companies-listing/corporate-filings-insider-trading (Caused by NameResolutionError("<urllib3.connection.HTTPSConnection object at 0x105306f90>: Failed to resolve 'www.nseindia.com' ([Errno 8] nodename nor servname provided, or not known)"))
[2025-03-14 01:05:29] Request error for URL https://www.nseindia.com/api/annual-reports?index=equities&symbol=DCI: HTTPSConnectionPool(host='www.nseindia.com', port=443): Max retries exceeded with url: /companies-listing/corporate-filings-insider-trading (Caused by NameResolutionError("<urllib3.connection.HTTPSConnection object at 0x105307c90>: Failed to resolve 'www.nseindia.com' ([Errno 8] nodename nor servname provided, or not known)"))
[2025-03-14 01:05:31] Request error for URL https://www.nseindia.com/api/annual-reports?index=equities&symbol=VINEETLAB: HTTPSConnectionPool(host='www.nseindia.com', port=443): Max retries exceeded with url: /companies-listing/corporate-filings-insider-trading (Caused by NameResolutionError("<urllib3.connection.HTTPSConnection object at 0x106b25110>: Failed to resolve 'www.nseindia.com' ([Errno 8] nodename nor servname provided, or not known)"))
[2025-03-14 01:06:00] Request error for URL https://www.nseindia.com/api/annual-reports?index=equities&symbol=BEARDSELL: HTTPSConnectionPool(host='www.nseindia.com', port=443): Read timed out. (read timeout=10)
[2025-03-14 01:06:01] Request error for URL https://www.nseindia.com/api/annual-reports?index=equities&symbol=MURUDCERA: HTTPSConnectionPool(host='www.nseindia.com', port=443): Max retries exceeded with url: /companies-listing/corporate-filings-insider-trading (Caused by NameResolutionError("<urllib3.connection.HTTPSConnection object at 0x106b0bc50>: Failed to resolve 'www.nseindia.com' ([Errno 8] nodename nor servname provided, or not known)"))
[2025-03-14 01:06:02] Request error for URL https://www.nseindia.com/api/annual-reports?index=equities&symbol=AMDIND: HTTPSConnectionPool(host='www.nseindia.com', port=443): Max retries exceeded with url: /companies-listing/corporate-filings-insider-trading (Caused by NameResolutionError("<urllib3.connection.HTTPSConnection object at 0x106af8bd0>: Failed to resolve 'www.nseindia.com' ([Errno 8] nodename nor servname provided, or not known)"))
[2025-03-14 01:06:03] Request error for URL https://www.nseindia.com/api/annual-reports?index=equities&symbol=OSWALSEEDS: HTTPSConnectionPool(host='www.nseindia.com', port=443): Max retries exceeded with url: /companies-listing/corporate-filings-insider-trading (Caused by NameResolutionError("<urllib3.connection.HTTPSConnection object at 0x105c47650>: Failed to resolve 'www.nseindia.com' ([Errno 8] nodename nor servname provided, or not known)"))
[2025-03-14 01:06:05] Request error for URL https://www.nseindia.com/api/annual-reports?index=equities&symbol=IITL: HTTPSConnectionPool(host='www.nseindia.com', port=443): Max retries exceeded with url: /companies-listing/corporate-filings-insider-trading (Caused by NameResolutionError("<urllib3.connection.HTTPSConnection object at 0x105522110>: Failed to resolve 'www.nseindia.com' ([Errno 8] nodename nor servname provided, or not known)"))
[2025-03-14 01:06:05] Request error for URL https://www.nseindia.com/api/annual-reports?index=equities&symbol=RAJTV: HTTPSConnectionPool(host='www.nseindia.com', port=443): Max retries exceeded with url: /companies-listing/corporate-filings-insider-trading (Caused by NameResolutionError("<urllib3.connection.HTTPSConnection object at 0x106b07dd0>: Failed to resolve 'www.nseindia.com' ([Errno 8] nodename nor servname provided, or not known)"))
[2025-03-14 01:06:07] Request error for URL https://www.nseindia.com/api/annual-reports?index=equities&symbol=JOCIL: HTTPSConnectionPool(host='www.nseindia.com', port=443): Max retries exceeded with url: /companies-listing/corporate-filings-insider-trading (Caused by NameResolutionError("<urllib3.connection.HTTPSConnection object at 0x105306d50>: Failed to resolve 'www.nseindia.com' ([Errno 8] nodename nor servname provided, or not known)"))
[2025-03-14 01:06:09] Request error for URL https://www.nseindia.com/api/annual-reports?index=equities&symbol=SOMATEX: HTTPSConnectionPool(host='www.nseindia.com', port=443): Max retries exceeded with url: /companies-listing/corporate-filings-insider-trading (Caused by NameResolutionError("<urllib3.connection.HTTPSConnection object at 0x106adad90>: Failed to resolve 'www.nseindia.com' ([Errno 8] nodename nor servname provided, or not known)"))
[2025-03-14 01:06:11] Request error for URL https://www.nseindia.com/api/annual-reports?index=equities&symbol=SADBHIN: HTTPSConnectionPool(host='www.nseindia.com', port=443): Max retries exceeded with url: /companies-listing/corporate-filings-insider-trading (Caused by NameResolutionError("<urllib3.connection.HTTPSConnection object at 0x106b25750>: Failed to resolve 'www.nseindia.com' ([Errno 8] nodename nor servname provided, or not known)"))
[2025-03-14 01:06:17] Request error for URL https://www.nseindia.com/api/annual-reports?index=equities&symbol=ASPINWALL: HTTPSConnectionPool(host='www.nseindia.com', port=443): Max retries exceeded with url: /companies-listing/corporate-filings-insider-trading (Caused by NameResolutionError("<urllib3.connection.HTTPSConnection object at 0x105306490>: Failed to resolve 'www.nseindia.com' ([Errno 8] nodename nor servname provided, or not known)"))
[2025-03-14 01:06:19] Request error for URL https://www.nseindia.com/api/annual-reports?index=equities&symbol=QNIFTY: HTTPSConnectionPool(host='www.nseindia.com', port=443): Max retries exceeded with url: /companies-listing/corporate-filings-insider-trading (Caused by NameResolutionError("<urllib3.connection.HTTPSConnection object at 0x106adf250>: Failed to resolve 'www.nseindia.com' ([Errno 8] nodename nor servname provided, or not known)"))
[2025-03-14 01:06:20] Request error for URL https://www.nseindia.com/api/annual-reports?index=equities&symbol=LIBAS: HTTPSConnectionPool(host='www.nseindia.com', port=443): Max retries exceeded with url: /companies-listing/corporate-filings-insider-trading (Caused by NameResolutionError("<urllib3.connection.HTTPSConnection object at 0x106afa590>: Failed to resolve 'www.nseindia.com' ([Errno 8] nodename nor servname provided, or not known)"))
[2025-03-14 01:06:22] Request error for URL https://www.nseindia.com/api/annual-reports?index=equities&symbol=QUAL30IETF: HTTPSConnectionPool(host='www.nseindia.com', port=443): Max retries exceeded with url: /companies-listing/corporate-filings-insider-trading (Caused by NameResolutionError("<urllib3.connection.HTTPSConnection object at 0x106b04d90>: Failed to resolve 'www.nseindia.com' ([Errno 8] nodename nor servname provided, or not known)"))
[2025-03-14 01:06:23] Request error for URL https://www.nseindia.com/api/annual-reports?index=equities&symbol=ALKALI: HTTPSConnectionPool(host='www.nseindia.com', port=443): Max retries exceeded with url: /companies-listing/corporate-filings-insider-trading (Caused by NameResolutionError("<urllib3.connection.HTTPSConnection object at 0x106b07050>: Failed to resolve 'www.nseindia.com' ([Errno 8] nodename nor servname provided, or not known)"))
[2025-03-14 01:06:24] Request error for URL https://www.nseindia.com/api/annual-reports?index=equities&symbol=GLOSTERLTD: HTTPSConnectionPool(host='www.nseindia.com', port=443): Max retries exceeded with url: /companies-listing/corporate-filings-insider-trading (Caused by NameResolutionError("<urllib3.connection.HTTPSConnection object at 0x106b09210>: Failed to resolve 'www.nseindia.com' ([Errno 8] nodename nor servname provided, or not known)"))
[2025-03-14 01:06:25] Request error for URL https://www.nseindia.com/api/annual-reports?index=equities&symbol=SINTERCOM: HTTPSConnectionPool(host='www.nseindia.com', port=443): Max retries exceeded with url: /companies-listing/corporate-filings-insider-trading (Caused by NameResolutionError("<urllib3.connection.HTTPSConnection object at 0x106ac8350>: Failed to resolve 'www.nseindia.com' ([Errno 8] nodename nor servname provided, or not known)"))
[2025-03-14 01:06:26] Request error for URL https://www.nseindia.com/api/annual-reports?index=equities&symbol=KAPSTON: HTTPSConnectionPool(host='www.nseindia.com', port=443): Max retries exceeded with url: /companies-listing/corporate-filings-insider-trading (Caused by NameResolutionError("<urllib3.connection.HTTPSConnection object at 0x105c268d0>: Failed to resolve 'www.nseindia.com' ([Errno 8] nodename nor servname provided, or not known)"))
[2025-03-14 01:06:27] Request error for URL https://www.nseindia.com/api/annual-reports?index=equities&symbol=SUVIDHAA: HTTPSConnectionPool(host='www.nseindia.com', port=443): Max retries exceeded with url: /companies-listing/corporate-filings-insider-trading (Caused by NameResolutionError("<urllib3.connection.HTTPSConnection object at 0x106b26810>: Failed to resolve 'www.nseindia.com' ([Errno 8] nodename nor servname provided, or not known)"))
[2025-03-14 01:06:29] Request error for URL https://www.nseindia.com/api/annual-reports?index=equities&symbol=MOHEALTH: HTTPSConnectionPool(host='www.nseindia.com', port=443): Max retries exceeded with url: /companies-listing/corporate-filings-insider-trading (Caused by NameResolutionError("<urllib3.connection.HTTPSConnection object at 0x106ac9010>: Failed to resolve 'www.nseindia.com' ([Errno 8] nodename nor servname provided, or not known)"))
[2025-03-14 01:06:30] Request error for URL https://www.nseindia.com/api/annual-reports?index=equities&symbol=LICNETFGSC: HTTPSConnectionPool(host='www.nseindia.com', port=443): Max retries exceeded with url: /companies-listing/corporate-filings-insider-trading (Caused by NameResolutionError("<urllib3.connection.HTTPSConnection object at 0x105c37750>: Failed to resolve 'www.nseindia.com' ([Errno 8] nodename nor servname provided, or not known)"))
[2025-03-14 01:06:31] Request error for URL https://www.nseindia.com/api/annual-reports?index=equities&symbol=GSEC5IETF: HTTPSConnectionPool(host='www.nseindia.com', port=443): Max retries exceeded with url: /companies-listing/corporate-filings-insider-trading (Caused by NameResolutionError("<urllib3.connection.HTTPSConnection object at 0x106b0b850>: Failed to resolve 'www.nseindia.com' ([Errno 8] nodename nor servname provided, or not known)"))
[2025-03-14 01:06:32] Request error for URL https://www.nseindia.com/api/annual-reports?index=equities&symbol=GOYALALUM: HTTPSConnectionPool(host='www.nseindia.com', port=443): Max retries exceeded with url: /companies-listing/corporate-filings-insider-trading (Caused by NameResolutionError("<urllib3.connection.HTTPSConnection object at 0x106b063d0>: Failed to resolve 'www.nseindia.com' ([Errno 8] nodename nor servname provided, or not known)"))
[2025-03-14 01:06:34] Request error for URL https://www.nseindia.com/api/annual-reports?index=equities&symbol=JMA: HTTPSConnectionPool(host='www.nseindia.com', port=443): Max retries exceeded with url: /companies-listing/corporate-filings-insider-trading (Caused by NameResolutionError("<urllib3.connection.HTTPSConnection object at 0x106b04050>: Failed to resolve 'www.nseindia.com' ([Errno 8] nodename nor servname provided, or not known)"))
[2025-03-14 01:06:34] Request error for URL https://www.nseindia.com/api/annual-reports?index=equities&symbol=LYPSAGEMS: HTTPSConnectionPool(host='www.nseindia.com', port=443): Max retries exceeded with url: /companies-listing/corporate-filings-insider-trading (Caused by NameResolutionError("<urllib3.connection.HTTPSConnection object at 0x106af83d0>: Failed to resolve 'www.nseindia.com' ([Errno 8] nodename nor servname provided, or not known)"))
[2025-03-14 01:06:36] Request error for URL https://www.nseindia.com/api/annual-reports?index=equities&symbol=IVP: HTTPSConnectionPool(host='www.nseindia.com', port=443): Max retries exceeded with url: /companies-listing/corporate-filings-insider-trading (Caused by NameResolutionError("<urllib3.connection.HTTPSConnection object at 0x106af9310>: Failed to resolve 'www.nseindia.com' ([Errno 8] nodename nor servname provided, or not known)"))
[2025-03-14 01:06:37] Request error for URL https://www.nseindia.com/api/annual-reports?index=equities&symbol=SBIETFQLTY: HTTPSConnectionPool(host='www.nseindia.com', port=443): Max retries exceeded with url: /companies-listing/corporate-filings-insider-trading (Caused by NameResolutionError("<urllib3.connection.HTTPSConnection object at 0x104eacad0>: Failed to resolve 'www.nseindia.com' ([Errno 8] nodename nor servname provided, or not known)"))
[2025-03-14 01:06:39] Request error for URL https://www.nseindia.com/api/annual-reports?index=equities&symbol=LFIC: HTTPSConnectionPool(host='www.nseindia.com', port=443): Max retries exceeded with url: /companies-listing/corporate-filings-insider-trading (Caused by NameResolutionError("<urllib3.connection.HTTPSConnection object at 0x105306b90>: Failed to resolve 'www.nseindia.com' ([Errno 8] nodename nor servname provided, or not known)"))
[2025-03-14 01:06:40] Request error for URL https://www.nseindia.com/api/annual-reports?index=equities&symbol=DHUNINV: HTTPSConnectionPool(host='www.nseindia.com', port=443): Max retries exceeded with url: /companies-listing/corporate-filings-insider-trading (Caused by NameResolutionError("<urllib3.connection.HTTPSConnection object at 0x106ac1590>: Failed to resolve 'www.nseindia.com' ([Errno 8] nodename nor servname provided, or not known)"))
[2025-03-14 01:06:41] Request error for URL https://www.nseindia.com/api/annual-reports?index=equities&symbol=MNC: HTTPSConnectionPool(host='www.nseindia.com', port=443): Max retries exceeded with url: /companies-listing/corporate-filings-insider-trading (Caused by NameResolutionError("<urllib3.connection.HTTPSConnection object at 0x105311210>: Failed to resolve 'www.nseindia.com' ([Errno 8] nodename nor servname provided, or not known)"))
[2025-03-14 01:23:33] Request error for URL https://www.nseindia.com/api/annual-reports?index=equities&symbol=SMSLIFE: HTTPSConnectionPool(host='www.nseindia.com', port=443): Max retries exceeded with url: /companies-listing/corporate-filings-insider-trading (Caused by NameResolutionError("<urllib3.connection.HTTPSConnection object at 0x105304f10>: Failed to resolve 'www.nseindia.com' ([Errno 8] nodename nor servname provided, or not known)"))
[2025-03-14 01:50:24] Request error for URL https://www.nseindia.com/api/annual-reports?index=equities&symbol=SECMARK: HTTPSConnectionPool(host='www.nseindia.com', port=443): Max retries exceeded with url: /companies-listing/corporate-filings-insider-trading (Caused by NameResolutionError("<urllib3.connection.HTTPSConnection object at 0x105305f10>: Failed to resolve 'www.nseindia.com' ([Errno 8] nodename nor servname provided, or not known)"))
[2025-03-14 01:50:25] Request error for URL https://www.nseindia.com/api/annual-reports?index=equities&symbol=ORCHASP: HTTPSConnectionPool(host='www.nseindia.com', port=443): Max retries exceeded with url: /companies-listing/corporate-filings-insider-trading (Caused by NameResolutionError("<urllib3.connection.HTTPSConnection object at 0x106af90d0>: Failed to resolve 'www.nseindia.com' ([Errno 8] nodename nor servname provided, or not known)"))
[2025-03-14 01:50:27] Request error for URL https://www.nseindia.com/api/annual-reports?index=equities&symbol=HDFCNIFIT: HTTPSConnectionPool(host='www.nseindia.com', port=443): Max retries exceeded with url: /companies-listing/corporate-filings-insider-trading (Caused by NameResolutionError("<urllib3.connection.HTTPSConnection object at 0x106af9d50>: Failed to resolve 'www.nseindia.com' ([Errno 8] nodename nor servname provided, or not known)"))
[2025-03-14 01:50:29] Request error for URL https://www.nseindia.com/api/annual-reports?index=equities&symbol=MOTOGENFIN: HTTPSConnectionPool(host='www.nseindia.com', port=443): Max retries exceeded with url: /companies-listing/corporate-filings-insider-trading (Caused by NameResolutionError("<urllib3.connection.HTTPSConnection object at 0x105311750>: Failed to resolve 'www.nseindia.com' ([Errno 8] nodename nor servname provided, or not known)"))
[2025-03-14 01:50:30] Request error for URL https://www.nseindia.com/api/annual-reports?index=equities&symbol=PRITI: HTTPSConnectionPool(host='www.nseindia.com', port=443): Max retries exceeded with url: /companies-listing/corporate-filings-insider-trading (Caused by NameResolutionError("<urllib3.connection.HTTPSConnection object at 0x106b04990>: Failed to resolve 'www.nseindia.com' ([Errno 8] nodename nor servname provided, or not known)"))
[2025-03-14 01:50:31] Request error for URL https://www.nseindia.com/api/annual-reports?index=equities&symbol=HDFCGROWTH: HTTPSConnectionPool(host='www.nseindia.com', port=443): Max retries exceeded with url: /companies-listing/corporate-filings-insider-trading (Caused by NameResolutionError("<urllib3.connection.HTTPSConnection object at 0x106b06850>: Failed to resolve 'www.nseindia.com' ([Errno 8] nodename nor servname provided, or not known)"))
[2025-03-14 01:50:53] Request error for URL https://www.nseindia.com/api/annual-reports?index=equities&symbol=UNIONGOLD: HTTPSConnectionPool(host='www.nseindia.com', port=443): Max retries exceeded with url: /companies-listing/corporate-filings-insider-trading (Caused by ConnectTimeoutError(<urllib3.connection.HTTPSConnection object at 0x106b08310>, 'Connection to www.nseindia.com timed out. (connect timeout=10)'))
[2025-03-14 01:51:15] Request error for URL https://www.nseindia.com/api/annual-reports?index=equities&symbol=QGOLDHALF: HTTPSConnectionPool(host='www.nseindia.com', port=443): Max retries exceeded with url: /companies-listing/corporate-filings-insider-trading (Caused by ConnectTimeoutError(<urllib3.connection.HTTPSConnection object at 0x106b254d0>, 'Connection to www.nseindia.com timed out. (connect timeout=10)'))
[2025-03-14 01:51:36] Request error for URL https://www.nseindia.com/api/annual-reports?index=equities&symbol=ELDEHSG: HTTPSConnectionPool(host='www.nseindia.com', port=443): Max retries exceeded with url: /companies-listing/corporate-filings-insider-trading (Caused by ConnectTimeoutError(<urllib3.connection.HTTPSConnection object at 0x106b26190>, 'Connection to www.nseindia.com timed out. (connect timeout=10)'))
[2025-03-14 02:02:54] Schema not found for Announcements, skipping...
[2025-03-14 02:02:54] Schema not found for AnnXBRL, skipping...
[2025-03-14 02:03:23] Invalid data format for AnnualReports: {'data': []}...
[2025-03-14 02:03:28] Invalid data format for AnnualReports: {'data': []}...
[2025-03-14 02:04:14] Invalid data format for AnnualReports: {'data': []}...
[2025-03-14 02:06:07] Request error for URL https://www.nseindia.com/api/annual-reports?index=equities&symbol=DLF: HTTPSConnectionPool(host='www.nseindia.com', port=443): Read timed out. (read timeout=10)
[2025-03-14 02:06:24] Invalid data format for AnnualReports: {'data': []}...
[2025-03-14 02:06:42] Invalid data format for AnnualReports: {'data': []}...
[2025-03-14 02:07:01] Invalid data format for AnnualReports: {'data': []}...
[2025-03-14 02:07:43] Invalid data format for AnnualReports: {'data': []}...
[2025-03-14 02:07:51] Invalid data format for AnnualReports: {'data': []}...
[2025-03-14 02:07:55] Invalid data format for AnnualReports: {'data': []}...
[2025-03-14 02:08:10] Invalid data format for AnnualReports: {'data': []}...
[2025-03-14 02:08:50] Invalid data format for AnnualReports: {'data': []}...
[2025-03-14 02:08:51] Invalid data format for AnnualReports: {'data': []}...
[2025-03-14 02:09:24] Invalid data format for AnnualReports: {'data': []}...
[2025-03-14 02:09:30] Invalid data format for AnnualReports: {'data': []}...
[2025-03-14 02:09:49] Invalid data format for AnnualReports: {'data': []}...
[2025-03-14 02:10:12] Invalid data format for AnnualReports: {'data': []}...
[2025-03-14 02:10:34] Invalid data format for AnnualReports: {'data': []}...
[2025-03-14 02:11:10] Invalid data format for AnnualReports: {'data': []}...
[2025-03-14 02:11:18] Invalid data format for AnnualReports: {'data': []}...
[2025-03-14 02:11:22] Invalid data format for AnnualReports: {'data': []}...
[2025-03-14 02:11:26] Invalid data format for AnnualReports: {'data': []}...
[2025-03-14 02:11:51] Invalid data format for AnnualReports: {'data': []}...
[2025-03-14 02:11:59] Invalid data format for AnnualReports: {'data': []}...
[2025-03-14 02:12:11] Invalid data format for AnnualReports: {'data': []}...
[2025-03-14 02:12:19] Invalid data format for AnnualReports: {'data': []}...
[2025-03-14 02:12:58] Invalid data format for AnnualReports: {'data': []}...
[2025-03-14 02:13:09] Invalid data format for AnnualReports: {'data': []}...
[2025-03-14 02:14:19] Invalid data format for AnnualReports: {'data': []}...
[2025-03-14 02:15:02] Invalid data format for AnnualReports: {'data': []}...
[2025-03-14 02:15:13] Invalid data format for AnnualReports: {'data': []}...
[2025-03-14 02:15:17] Invalid data format for AnnualReports: {'data': []}...
[2025-03-14 02:15:21] Invalid data format for AnnualReports: {'data': []}...
[2025-03-14 02:15:25] Invalid data format for AnnualReports: {'data': []}...
[2025-03-14 02:15:50] Invalid data format for AnnualReports: {'data': []}...
[2025-03-14 02:15:58] Invalid data format for AnnualReports: {'data': []}...
[2025-03-14 02:16:08] Invalid data format for AnnualReports: {'data': []}...
[2025-03-14 02:16:20] Invalid data format for AnnualReports: {'data': []}...
[2025-03-14 02:16:26] Invalid data format for AnnualReports: {'data': []}...
[2025-03-14 02:16:43] Invalid data format for AnnualReports: {'data': []}...
[2025-03-14 02:16:50] Invalid data format for AnnualReports: {'data': []}...
[2025-03-14 02:17:08] Invalid data format for AnnualReports: {'data': []}...
[2025-03-14 02:17:27] Invalid data format for AnnualReports: {'data': []}...
[2025-03-14 02:17:46] Invalid data format for AnnualReports: {'data': []}...
[2025-03-14 02:17:47] Invalid data format for AnnualReports: {'data': []}...
[2025-03-14 02:17:57] Invalid data format for AnnualReports: {'data': []}...
[2025-03-14 02:18:11] Invalid data format for AnnualReports: {'data': []}...
[2025-03-14 02:18:45] Invalid data format for AnnualReports: {'data': []}...
[2025-03-14 02:18:53] Invalid data format for AnnualReports: {'data': []}...
[2025-03-14 02:18:54] Invalid data format for AnnualReports: {'data': []}...
[2025-03-14 02:19:11] Invalid data format for AnnualReports: {'data': []}...
[2025-03-14 02:19:28] Invalid data format for AnnualReports: {'data': []}...
[2025-03-14 02:19:29] Invalid data format for AnnualReports: {'data': []}...
[2025-03-14 02:19:49] Request error for URL https://www.nseindia.com/api/annual-reports?index=equities&symbol=MAXESTATES: HTTPSConnectionPool(host='www.nseindia.com', port=443): Read timed out. (read timeout=10)
[2025-03-14 02:20:36] Invalid data format for AnnualReports: {'data': []}...
[2025-03-14 02:21:04] Invalid data format for AnnualReports: {'data': []}...
[2025-03-14 02:21:28] Invalid data format for AnnualReports: {'data': []}...
[2025-03-14 02:21:36] Invalid data format for AnnualReports: {'data': []}...
[2025-03-14 02:21:55] Invalid data format for AnnualReports: {'data': []}...
[2025-03-14 02:22:12] Invalid data format for AnnualReports: {'data': []}...
[2025-03-14 02:22:13] Invalid data format for AnnualReports: {'data': []}...
[2025-03-14 02:22:22] Invalid data format for AnnualReports: {'data': []}...
[2025-03-14 02:22:24] Invalid data format for AnnualReports: {'data': []}...
[2025-03-14 02:22:49] Invalid data format for AnnualReports: {'data': []}...
[2025-03-14 02:23:03] Invalid data format for AnnualReports: {'data': []}...
[2025-03-14 02:23:15] Invalid data format for AnnualReports: {'data': []}...
[2025-03-14 02:23:29] Invalid data format for AnnualReports: {'data': []}...
[2025-03-14 02:23:54] Invalid data format for AnnualReports: {'data': []}...
[2025-03-14 02:24:28] Invalid data format for AnnualReports: {'data': []}...
[2025-03-14 02:24:52] Invalid data format for AnnualReports: {'data': []}...
[2025-03-14 02:25:00] Invalid data format for AnnualReports: {'data': []}...
[2025-03-14 02:25:02] Invalid data format for AnnualReports: {'data': []}...
[2025-03-14 02:25:10] Invalid data format for AnnualReports: {'data': []}...
[2025-03-14 02:25:29] Invalid data format for AnnualReports: {'data': []}...
[2025-03-14 02:25:56] Invalid data format for AnnualReports: {'data': []}...
[2025-03-14 02:25:59] Invalid data format for AnnualReports: {'data': []}...
[2025-03-14 02:26:06] Invalid data format for AnnualReports: {'data': []}...
[2025-03-14 02:26:23] Invalid data format for AnnualReports: {'data': []}...
[2025-03-14 02:26:26] Invalid data format for AnnualReports: {'data': []}...
[2025-03-14 02:26:51] Invalid data format for AnnualReports: {'data': []}...
[2025-03-14 02:27:05] Invalid data format for AnnualReports: {'data': []}...
[2025-03-14 02:27:16] Invalid data format for AnnualReports: {'data': []}...
[2025-03-14 02:27:25] Invalid data format for AnnualReports: {'data': []}...
[2025-03-14 02:27:34] Invalid data format for AnnualReports: {'data': []}...
[2025-03-14 02:27:49] Invalid data format for AnnualReports: {'data': []}...
[2025-03-14 02:28:05] Invalid data format for AnnualReports: {'data': []}...
[2025-03-14 02:28:23] Invalid data format for AnnualReports: {'data': []}...
[2025-03-14 02:28:43] Invalid data format for AnnualReports: {'data': []}...
[2025-03-14 02:28:45] Invalid data format for AnnualReports: {'data': []}...
[2025-03-14 02:28:51] Invalid data format for AnnualReports: {'data': []}...
[2025-03-14 02:28:59] Invalid data format for AnnualReports: {'data': []}...
[2025-03-14 02:29:02] Invalid data format for AnnualReports: {'data': []}...
[2025-03-14 02:29:07] Invalid data format for AnnualReports: {'data': []}...
[2025-03-14 02:29:11] Invalid data format for AnnualReports: {'data': []}...
[2025-03-14 02:29:18] Invalid data format for AnnualReports: {'data': []}...
[2025-03-14 02:29:40] Invalid data format for AnnualReports: {'data': []}...
[2025-03-14 02:30:05] Invalid data format for AnnualReports: {'data': []}...
[2025-03-14 02:30:54] Invalid data format for AnnualReports: {'data': []}...
[2025-03-14 02:30:55] Invalid data format for AnnualReports: {'data': []}...
[2025-03-14 02:31:02] Invalid data format for AnnualReports: {'data': []}...
[2025-03-14 02:31:04] Invalid data format for AnnualReports: {'data': []}...
[2025-03-14 02:31:19] Invalid data format for AnnualReports: {'data': []}...
[2025-03-14 02:31:23] Invalid data format for AnnualReports: {'data': []}...
[2025-03-14 02:32:02] Invalid data format for AnnualReports: {'data': []}...
[2025-03-14 02:32:07] Invalid data format for AnnualReports: {'data': []}...
[2025-03-14 02:32:22] Invalid data format for AnnualReports: {'data': []}...
[2025-03-14 02:32:32] Invalid data format for AnnualReports: {'data': []}...
[2025-03-14 02:32:54] Invalid data format for AnnualReports: {'data': []}...
[2025-03-14 02:33:00] Invalid data format for AnnualReports: {'data': []}...
[2025-03-14 02:33:03] Invalid data format for AnnualReports: {'data': []}...
[2025-03-14 02:33:21] Invalid data format for AnnualReports: {'data': []}...
[2025-03-14 02:33:32] Invalid data format for AnnualReports: {'data': []}...
[2025-03-14 02:33:41] Invalid data format for AnnualReports: {'data': []}...
[2025-03-14 02:34:04] Invalid data format for AnnualReports: {'data': []}...
[2025-03-14 02:34:09] Invalid data format for AnnualReports: {'data': []}...
[2025-03-14 02:34:35] Invalid data format for AnnualReports: {'data': []}...
[2025-03-14 02:34:47] Invalid data format for AnnualReports: {'data': []}...
[2025-03-14 02:34:50] Invalid data format for AnnualReports: {'data': []}...
[2025-03-14 02:35:02] Invalid data format for AnnualReports: {'data': []}...
[2025-03-14 02:35:04] Invalid data format for AnnualReports: {'data': []}...
[2025-03-14 02:35:08] Invalid data format for AnnualReports: {'data': []}...
[2025-03-14 02:35:22] Invalid data format for AnnualReports: {'data': []}...
[2025-03-14 02:35:41] Invalid data format for AnnualReports: {'data': []}...
[2025-03-14 02:35:47] Invalid data format for AnnualReports: {'data': []}...
[2025-03-14 02:35:49] Invalid data format for AnnualReports: {'data': []}...
[2025-03-14 02:35:51] Invalid data format for AnnualReports: {'data': []}...
[2025-03-14 02:35:57] Invalid data format for AnnualReports: {'data': []}...
[2025-03-14 02:36:13] Invalid data format for AnnualReports: {'data': []}...
[2025-03-14 02:36:30] Invalid data format for AnnualReports: {'data': []}...
[2025-03-14 02:36:35] Invalid data format for AnnualReports: {'data': []}...
[2025-03-14 02:36:40] Invalid data format for AnnualReports: {'data': []}...
[2025-03-14 02:36:49] Invalid data format for AnnualReports: {'data': []}...
[2025-03-14 02:37:15] Invalid data format for AnnualReports: {'data': []}...
[2025-03-14 02:37:40] Invalid data format for AnnualReports: {'data': []}...
[2025-03-14 02:37:51] Invalid data format for AnnualReports: {'data': []}...
[2025-03-14 02:38:01] Invalid data format for AnnualReports: {'data': []}...
[2025-03-14 02:38:08] Invalid data format for AnnualReports: {'data': []}...
[2025-03-14 02:38:21] Invalid data format for AnnualReports: {'data': []}...
[2025-03-14 02:38:27] Invalid data format for AnnualReports: {'data': []}...
[2025-03-14 02:38:41] Invalid data format for AnnualReports: {'data': []}...
[2025-03-14 02:38:45] Invalid data format for AnnualReports: {'data': []}...
[2025-03-14 02:38:49] Invalid data format for AnnualReports: {'data': []}...
[2025-03-14 02:38:52] Invalid data format for AnnualReports: {'data': []}...
[2025-03-14 02:39:13] Invalid data format for AnnualReports: {'data': []}...
[2025-03-14 02:39:29] Invalid data format for AnnualReports: {'data': []}...
[2025-03-14 02:39:31] Invalid data format for AnnualReports: {'data': []}...
[2025-03-14 02:39:44] Invalid data format for AnnualReports: {'data': []}...
[2025-03-14 02:39:46] Invalid data format for AnnualReports: {'data': []}...
[2025-03-14 02:39:49] Invalid data format for AnnualReports: {'data': []}...
[2025-03-14 02:39:53] Invalid data format for AnnualReports: {'data': []}...
[2025-03-14 02:39:56] Invalid data format for AnnualReports: {'data': []}...
[2025-03-14 02:40:08] Invalid data format for AnnualReports: {'data': []}...
[2025-03-14 02:40:24] Invalid data format for AnnualReports: {'data': []}...
[2025-03-14 02:40:30] Invalid data format for AnnualReports: {'data': []}...
[2025-03-14 02:41:03] Invalid data format for AnnualReports: {'data': []}...
[2025-03-14 02:41:04] Invalid data format for AnnualReports: {'data': []}...
[2025-03-14 02:41:14] Invalid data format for AnnualReports: {'data': []}...
[2025-03-14 02:41:26] Invalid data format for AnnualReports: {'data': []}...
[2025-03-14 02:41:34] Invalid data format for AnnualReports: {'data': []}...
[2025-03-14 02:41:53] Invalid data format for AnnualReports: {'data': []}...
[2025-03-14 02:42:06] Invalid data format for AnnualReports: {'data': []}...
[2025-03-14 02:42:12] Invalid data format for AnnualReports: {'data': []}...
[2025-03-14 02:42:20] Invalid data format for AnnualReports: {'data': []}...
[2025-03-14 02:42:41] Invalid data format for AnnualReports: {'data': []}...
[2025-03-14 02:43:00] Invalid data format for AnnualReports: {'data': []}...
[2025-03-14 02:43:06] Invalid data format for AnnualReports: {'data': []}...
[2025-03-14 02:43:14] Invalid data format for AnnualReports: {'data': []}...
[2025-03-14 02:43:16] Invalid data format for AnnualReports: {'data': []}...
[2025-03-14 02:43:40] Invalid data format for AnnualReports: {'data': []}...
[2025-03-14 02:43:41] Invalid data format for AnnualReports: {'data': []}...
[2025-03-14 02:43:48] Invalid data format for AnnualReports: {'data': []}...
[2025-03-14 02:44:04] Invalid data format for AnnualReports: {'data': []}...
[2025-03-14 02:44:12] Invalid data format for AnnualReports: {'data': []}...
[2025-03-14 02:44:23] Invalid data format for AnnualReports: {'data': []}...
[2025-03-14 02:44:25] Invalid data format for AnnualReports: {'data': []}...
[2025-03-14 02:44:37] Invalid data format for AnnualReports: {'data': []}...
[2025-03-14 02:44:45] Invalid data format for AnnualReports: {'data': []}...
[2025-03-14 02:44:46] Invalid data format for AnnualReports: {'data': []}...
[2025-03-14 02:45:08] Invalid data format for AnnualReports: {'data': []}...
[2025-03-14 02:45:18] Invalid data format for AnnualReports: {'data': []}...
[2025-03-14 02:45:23] Invalid data format for AnnualReports: {'data': []}...
[2025-03-14 02:45:38] Invalid data format for AnnualReports: {'data': []}...
[2025-03-14 02:45:45] Invalid data format for AnnualReports: {'data': []}...
[2025-03-14 02:45:48] Invalid data format for AnnualReports: {'data': []}...
[2025-03-14 02:45:55] Invalid data format for AnnualReports: {'data': []}...
[2025-03-14 02:46:08] Invalid data format for AnnualReports: {'data': []}...
[2025-03-14 02:46:13] Invalid data format for AnnualReports: {'data': []}...
[2025-03-14 02:46:26] Invalid data format for AnnualReports: {'data': []}...
[2025-03-14 02:46:44] Invalid data format for AnnualReports: {'data': []}...
[2025-03-14 02:47:14] Invalid data format for AnnualReports: {'data': []}...
[2025-03-14 02:47:16] Invalid data format for AnnualReports: {'data': []}...
[2025-03-14 02:47:22] Invalid data format for AnnualReports: {'data': []}...
[2025-03-14 02:47:28] Invalid data format for AnnualReports: {'data': []}...
[2025-03-14 02:47:54] Invalid data format for AnnualReports: {'data': []}...
[2025-03-14 02:47:58] Invalid data format for AnnualReports: {'data': []}...
[2025-03-14 02:47:59] Invalid data format for AnnualReports: {'data': []}...
[2025-03-14 02:48:02] Invalid data format for AnnualReports: {'data': []}...
[2025-03-14 02:48:04] Invalid data format for AnnualReports: {'data': []}...
[2025-03-14 02:48:08] Invalid data format for AnnualReports: {'data': []}...
[2025-03-14 02:48:14] Invalid data format for AnnualReports: {'data': []}...
[2025-03-14 02:48:18] Invalid data format for AnnualReports: {'data': []}...
[2025-03-14 02:48:20] Invalid data format for AnnualReports: {'data': []}...
[2025-03-14 02:48:38] Invalid data format for AnnualReports: {'data': []}...
[2025-03-14 02:48:45] Invalid data format for AnnualReports: {'data': []}...
[2025-03-14 02:48:47] Invalid data format for AnnualReports: {'data': []}...
[2025-03-14 02:48:53] Invalid data format for AnnualReports: {'data': []}...
[2025-03-14 02:48:56] Invalid data format for AnnualReports: {'data': []}...
[2025-03-14 02:49:01] Invalid data format for AnnualReports: {'data': []}...
[2025-03-14 02:49:09] Invalid data format for AnnualReports: {'data': []}...
[2025-03-14 02:49:16] Invalid data format for AnnualReports: {'data': []}...
[2025-03-14 02:49:25] Invalid data format for AnnualReports: {'data': []}...
[2025-03-14 02:49:33] Invalid data format for AnnualReports: {'data': []}...
[2025-03-14 02:49:54] Invalid data format for AnnualReports: {'data': []}...
[2025-03-14 02:49:56] Invalid data format for AnnualReports: {'data': []}...
[2025-03-14 02:50:15] Invalid data format for AnnualReports: {'data': []}...
[2025-03-14 02:50:34] Invalid data format for AnnualReports: {'data': []}...
[2025-03-14 02:50:41] Invalid data format for AnnualReports: {'data': []}...
[2025-03-14 02:50:51] Invalid data format for AnnualReports: {'data': []}...
[2025-03-14 02:50:57] Invalid data format for AnnualReports: {'data': []}...
[2025-03-14 02:51:07] Invalid data format for AnnualReports: {'data': []}...
[2025-03-14 02:51:22] Invalid data format for AnnualReports: {'data': []}...
[2025-03-14 02:51:37] Invalid data format for AnnualReports: {'data': []}...
[2025-03-14 02:51:44] Invalid data format for AnnualReports: {'data': []}...
[2025-03-14 02:51:50] Invalid data format for AnnualReports: {'data': []}...
[2025-03-14 02:51:53] Invalid data format for AnnualReports: {'data': []}...
[2025-03-14 02:51:57] Invalid data format for AnnualReports: {'data': []}...
[2025-03-14 02:52:11] Invalid data format for AnnualReports: {'data': []}...
[2025-03-14 02:52:13] Invalid data format for AnnualReports: {'data': []}...
[2025-03-14 02:52:20] Invalid data format for AnnualReports: {'data': []}...
[2025-03-14 02:52:22] Invalid data format for AnnualReports: {'data': []}...
[2025-03-14 02:52:31] Invalid data format for AnnualReports: {'data': []}...
[2025-03-14 02:52:39] Invalid data format for AnnualReports: {'data': []}...
[2025-03-14 02:52:50] Invalid data format for AnnualReports: {'data': []}...
[2025-03-14 02:53:06] Invalid data format for AnnualReports: {'data': []}...
[2025-03-14 02:53:16] Invalid data format for AnnualReports: {'data': []}...
[2025-03-14 02:53:20] Invalid data format for AnnualReports: {'data': []}...
[2025-03-14 02:53:25] Invalid data format for AnnualReports: {'data': []}...
[2025-03-14 02:53:37] Invalid data format for AnnualReports: {'data': []}...
[2025-03-14 02:53:44] Invalid data format for AnnualReports: {'data': []}...
[2025-03-14 02:53:49] Invalid data format for AnnualReports: {'data': []}...
[2025-03-14 02:54:03] Invalid data format for AnnualReports: {'data': []}...
[2025-03-14 02:54:09] Invalid data format for AnnualReports: {'data': []}...
[2025-03-14 02:54:17] Invalid data format for AnnualReports: {'data': []}...
[2025-03-14 02:54:30] Invalid data format for AnnualReports: {'data': []}...
[2025-03-14 02:54:35] Invalid data format for AnnualReports: {'data': []}...
[2025-03-14 02:54:39] Invalid data format for AnnualReports: {'data': []}...
[2025-03-14 02:54:41] Invalid data format for AnnualReports: {'data': []}...
[2025-03-14 02:54:46] Invalid data format for AnnualReports: {'data': []}...
[2025-03-14 02:54:53] Invalid data format for AnnualReports: {'data': []}...
[2025-03-14 02:55:01] Invalid data format for AnnualReports: {'data': []}...
[2025-03-14 02:55:06] Invalid data format for AnnualReports: {'data': []}...
[2025-03-14 02:55:29] Invalid data format for AnnualReports: {'data': []}...
[2025-03-14 02:55:34] Invalid data format for AnnualReports: {'data': []}...
[2025-03-14 02:55:36] Invalid data format for AnnualReports: {'data': []}...
[2025-03-14 02:55:45] Invalid data format for AnnualReports: {'data': []}...
[2025-03-14 02:55:50] Invalid data format for AnnualReports: {'data': []}...
[2025-03-14 02:55:51] Invalid data format for AnnualReports: {'data': []}...
[2025-03-14 02:56:04] Invalid data format for AnnualReports: {'data': []}...
[2025-03-14 02:56:14] Invalid data format for AnnualReports: {'data': []}...
[2025-03-14 02:56:42] Invalid data format for AnnualReports: {'data': []}...
[2025-03-14 02:56:45] Invalid data format for AnnualReports: {'data': []}...
[2025-03-14 02:56:46] Invalid data format for AnnualReports: {'data': []}...
[2025-03-14 02:56:51] Invalid data format for AnnualReports: {'data': []}...
[2025-03-14 02:56:56] Invalid data format for AnnualReports: {'data': []}...
[2025-03-14 02:57:12] Invalid data format for AnnualReports: {'data': []}...
[2025-03-14 02:57:13] Invalid data format for AnnualReports: {'data': []}...
[2025-03-14 02:57:33] Invalid data format for AnnualReports: {'data': []}...
[2025-03-14 02:57:34] Invalid data format for AnnualReports: {'data': []}...
[2025-03-14 02:57:36] Invalid data format for AnnualReports: {'data': []}...
[2025-03-14 02:57:45] Invalid data format for AnnualReports: {'data': []}...
[2025-03-14 02:58:17] Invalid data format for AnnualReports: {'data': []}...
[2025-03-14 02:58:20] Invalid data format for AnnualReports: {'data': []}...
[2025-03-14 02:58:30] Invalid data format for AnnualReports: {'data': []}...
[2025-03-14 02:58:32] Invalid data format for AnnualReports: {'data': []}...
[2025-03-14 02:58:34] Invalid data format for AnnualReports: {'data': []}...
[2025-03-14 02:58:41] Invalid data format for AnnualReports: {'data': []}...
[2025-03-14 02:58:46] Invalid data format for AnnualReports: {'data': []}...
[2025-03-14 02:58:53] Invalid data format for AnnualReports: {'data': []}...
[2025-03-14 02:58:54] Invalid data format for AnnualReports: {'data': []}...
[2025-03-14 02:58:58] Invalid data format for AnnualReports: {'data': []}...
[2025-03-14 02:59:00] Invalid data format for AnnualReports: {'data': []}...
[2025-03-14 02:59:02] Invalid data format for AnnualReports: {'data': []}...
[2025-03-14 02:59:04] Invalid data format for AnnualReports: {'data': []}...
[2025-03-14 02:59:11] Invalid data format for AnnualReports: {'data': []}...
[2025-03-14 02:59:17] Invalid data format for AnnualReports: {'data': []}...
[2025-03-14 02:59:19] Invalid data format for AnnualReports: {'data': []}...
[2025-03-14 02:59:25] Invalid data format for AnnualReports: {'data': []}...
[2025-03-14 02:59:26] Invalid data format for AnnualReports: {'data': []}...
[2025-03-14 02:59:35] Invalid data format for AnnualReports: {'data': []}...
[2025-03-14 02:59:37] Invalid data format for AnnualReports: {'data': []}...
[2025-03-14 02:59:39] Invalid data format for AnnualReports: {'data': []}...
[2025-03-14 02:59:43] Invalid data format for AnnualReports: {'data': []}...
[2025-03-14 02:59:51] Invalid data format for AnnualReports: {'data': []}...
[2025-03-14 02:59:58] Invalid data format for AnnualReports: {'data': []}...
[2025-03-14 03:00:11] Invalid data format for AnnualReports: {'data': []}...
[2025-03-14 03:00:14] Invalid data format for AnnualReports: {'data': []}...
[2025-03-14 03:00:16] Invalid data format for AnnualReports: {'data': []}...
[2025-03-14 03:00:21] Invalid data format for AnnualReports: {'data': []}...
[2025-03-14 03:00:24] Invalid data format for AnnualReports: {'data': []}...
[2025-03-14 03:00:26] Invalid data format for AnnualReports: {'data': []}...
[2025-03-14 03:00:34] Invalid data format for AnnualReports: {'data': []}...
[2025-03-14 03:00:37] Invalid data format for AnnualReports: {'data': []}...
[2025-03-14 03:00:39] Invalid data format for AnnualReports: {'data': []}...
[2025-03-14 03:00:41] Invalid data format for AnnualReports: {'data': []}...
[2025-03-14 03:00:43] Invalid data format for AnnualReports: {'data': []}...
[2025-03-14 03:00:47] Invalid data format for AnnualReports: {'data': []}...
[2025-03-14 03:00:51] Invalid data format for AnnualReports: {'data': []}...
[2025-03-14 03:00:55] Invalid data format for AnnualReports: {'data': []}...
[2025-03-14 03:00:56] Invalid data format for AnnualReports: {'data': []}...
[2025-03-14 03:00:58] Invalid data format for AnnualReports: {'data': []}...
[2025-03-14 03:01:01] Invalid data format for AnnualReports: {'data': []}...
[2025-03-14 03:01:03] Invalid data format for AnnualReports: {'data': []}...
[2025-03-14 03:01:09] Invalid data format for AnnualReports: {'data': []}...
[2025-03-14 03:01:10] Invalid data format for AnnualReports: {'data': []}...
[2025-03-14 03:01:14] Invalid data format for AnnualReports: {'data': []}...
[2025-03-14 03:01:17] Invalid data format for AnnualReports: {'data': []}...
[2025-03-14 03:01:18] Invalid data format for AnnualReports: {'data': []}...
[2025-03-14 03:01:21] Invalid data format for AnnualReports: {'data': []}...
[2025-03-14 03:01:25] Invalid data format for AnnualReports: {'data': []}...
[2025-03-14 03:01:29] Invalid data format for AnnualReports: {'data': []}...
[2025-03-14 03:01:32] Invalid data format for AnnualReports: {'data': []}...
[2025-03-14 03:01:37] Invalid data format for AnnualReports: {'data': []}...
[2025-03-14 03:01:46] Invalid data format for AnnualReports: {'data': []}...
[2025-03-14 03:01:53] Invalid data format for AnnualReports: {'data': []}...
[2025-03-14 03:01:55] Invalid data format for AnnualReports: {'data': []}...
[2025-03-14 03:01:57] Invalid data format for AnnualReports: {'data': []}...
[2025-03-14 03:01:58] Invalid data format for AnnualReports: {'data': []}...
[2025-03-14 03:02:01] Invalid data format for AnnualReports: {'data': []}...
[2025-03-14 03:02:03] Invalid data format for AnnualReports: {'data': []}...
[2025-03-14 03:02:11] Invalid data format for AnnualReports: {'data': []}...
[2025-03-14 03:02:17] Invalid data format for AnnualReports: {'data': []}...
[2025-03-14 03:02:18] Invalid data format for AnnualReports: {'data': []}...
[2025-03-14 03:02:21] Invalid data format for AnnualReports: {'data': []}...
[2025-03-14 03:02:29] Invalid data format for AnnualReports: {'data': []}...
[2025-03-14 03:02:33] Invalid data format for AnnualReports: {'data': []}...
[2025-03-14 03:02:34] Invalid data format for AnnualReports: {'data': []}...
[2025-03-14 03:02:38] Invalid data format for AnnualReports: {'data': []}...
[2025-03-14 03:02:39] Invalid data format for AnnualReports: {'data': []}...
[2025-03-14 03:02:43] Schema not found for BussinessSustainabilitiyReport, skipping...
[2025-03-14 03:02:43] Schema not found for BoardMeetings, skipping...
[2025-03-14 03:02:43] Schema not found for CorporateActions, skipping...
[2025-03-14 03:02:43] Schema not found for CorpGovernanceStatus, skipping...
[2025-03-14 03:02:43] Schema not found for credit_rating, skipping...
[2025-03-14 03:02:43] Schema not found for interest_Payment, skipping...
[2025-03-14 03:02:43] Schema not found for redempay, skipping...
[2025-03-14 03:02:43] Schema not found for reg_60, skipping...
[2025-03-14 03:02:43] Schema not found for EventCalendar, skipping...
[2025-03-14 03:02:43] Schema not found for FinancialResults, skipping...
[2025-03-14 03:02:43] Schema not found for ResultsCompare, skipping...
[2025-03-14 03:02:43] Schema not found for FIQIP, skipping...
[2025-03-14 03:02:43] Schema not found for FIFCCB, skipping...
[2025-03-14 03:02:43] Schema not found for FIPREF, skipping...
[2025-03-14 03:02:43] Schema not found for FIRI, skipping...
[2025-03-14 03:02:43] Schema not found for InsiderTrading, skipping...
[2025-03-14 03:02:43] Schema not found for IntegratedFiling, skipping...
[2025-03-14 03:02:43] Schema not found for debt_offer_document, skipping...
[2025-03-14 03:02:43] Schema not found for AnnXBRL-LOS, skipping...
[2025-03-14 03:02:43] Schema not found for RelatedPartyTransactions, skipping...
[2025-03-14 03:02:43] Schema not found for sast_29, skipping...
[2025-03-14 03:02:43] Schema not found for sast_31, skipping...
[2025-03-14 03:02:43] Schema not found for sast_encumbrance, skipping...
[2025-03-14 03:02:43] Schema not found for sast_pledged, skipping...
[2025-03-14 03:02:43] Schema not found for statementOfDeviation, skipping...
[2025-03-14 03:02:43] Schema not found for pitAnnual, skipping...
[2025-03-14 03:02:43] Schema not found for sddRegulation29p, skipping...
[2025-03-14 03:02:43] Schema not found for sddRegulation29np, skipping...
[2025-03-14 03:02:43] Schema not found for sddRegulation31, skipping...
[2025-03-14 03:02:43] Schema not found for secretarial-camp, skipping...
[2025-03-14 03:02:43] Schema not found for PostalBallot, skipping...
[2025-03-14 03:02:43] Schema not found for ShareholdingPatterns, skipping...
[2025-03-14 03:02:43] Schema not found for ShareholdingPatternsSdd, skipping...
[2025-03-14 03:02:43] Schema not found for StmtOfImpact, skipping...
[2025-03-14 03:02:43] Schema not found for AnnXBRL-CTW, skipping...
[2025-03-14 03:02:43] Schema not found for VotingResults, skipping...
